11-03 14:05:47.538 18963 18963 W android.vendin: JIT profile information will not be recorded: profile file does not exits.
11-03 14:05:47.551 18963 18963 I Perf    : Connecting to perf service.
11-03 14:05:47.575 18963 18963 I Finsky  : [2] fyg.az(6): Process created at version: 27.7.14-21 [0] [PR] 405033391
11-03 14:05:47.672 18963 18984 I Finsky  : [1212] ahmg.n(18): Finished reading experiment flags from file [0tGUNCGIkbk4o6-fQ335kUYSKwVj4lusnHT-A5Dsy08].
11-03 14:05:47.700 18963 18984 I Finsky  : [1212] ahmg.n(18): Finished reading experiment flags from file [VHwR0BxOKu88O1fyLGcJYxmhIhMjTbpNsGh4uCG4rsY].
11-03 14:05:47.709 18963 18984 I Finsky  : [1212] ahmg.n(18): Finished reading experiment flags from file [G4sNLF6FudzK6yGdvjVzheUgOwP_PrnEJQPuPl5w3dg].
11-03 14:05:47.713 18963 18963 I Finsky  : [2] ahmg.n(18): Finished reading experiment flags from file [Se-xCc4LzNyh3UrKMIU2sUf-PUKz4oQEbpKZDMuaFno].
11-03 14:05:47.730 18963 18963 I Finsky  : [2] vpm.<init>(3): Resetting scheduler db
11-03 14:05:47.749 18963 18980 I Finsky  : [1208] acjl.d(2): Not a unicorn account
11-03 14:05:47.756 18963 18980 I Finsky  : [1208] soc.<init>(3): PackageMonitorReceiverImpl - Registering in memory receiver for android.intent.action.PACKAGE_ADDED and android.intent.action.PACKAGE_REMOVED
11-03 14:05:47.765 18963 18981 I Finsky  : [1209] aagg.a(2): SysUA: Disable SystemUpdateActivity, because Android is lower than Q
11-03 14:05:47.765 18963 18990 I Finsky  : [1218] aado.run(4): SysCUA: Set {com.android.vending/com.google.android.finsky.systemcomponentupdateui.common.SystemComponentUpdateActivity} enabled state to 2
11-03 14:05:47.768 18963 18990 I Finsky  : [1218] aagf.run(4): SysUA: Set SystemUpdateActivity enabled state to 2
11-03 14:05:47.772 18963 18996 W android.vendin: Accessing hidden field Ljava/util/Collections$SynchronizedCollection;->mutex:Ljava/lang/Object; (dark greylist, reflection)
11-03 14:05:47.772 18963 18996 W android.vendin: Accessing hidden method Ljava/util/Collections$SynchronizedSet;-><init>(Ljava/util/Set;Ljava/lang/Object;)V (dark greylist, reflection)
11-03 14:05:47.773 18963 18996 W android.vendin: Accessing hidden method Ljava/util/Collections$SynchronizedCollection;-><init>(Ljava/util/Collection;Ljava/lang/Object;)V (dark greylist, reflection)
11-03 14:05:47.777  1479  1515 D ConnectivityService: requestNetwork for uid/pid:10057/18963 NetworkRequest [ TRACK_DEFAULT id=130, [ Capabilities: INTERNET&NOT_RESTRICTED&TRUSTED Unwanted:  Uid: 10057] ]
11-03 14:05:47.787 18963 18994 I Finsky  : [1222] ves.accept(44): SCH: Scheduling phonesky job Id: 1-1337, CT: 1635943847581, Constraints: [{ L: 22995436, D: 66195436, C: 1, I: 1, N: 1 }]
11-03 14:05:47.788 18963 18994 I Finsky  : [1222] ves.accept(44): SCH: Scheduling phonesky job Id: 10-4, CT: 1635943847379, Constraints: [{ L: 900000, D: 86400000, C: 1, I: 1, N: 1 }]
11-03 14:05:47.788 18963 18994 I Finsky  : [1222] ves.accept(44): SCH: Scheduling phonesky job Id: 10-78, CT: 1635943847381, Constraints: [{ L: 0, D: 86400000, C: 1, I: 2, N: 1 }]
11-03 14:05:47.790  1479  1935 D WIFI_UT : got request NetworkRequest [ TRACK_DEFAULT id=130, [ Capabilities: INTERNET&NOT_RESTRICTED&TRUSTED Unwanted:  Uid: 10057] ] with score 50
11-03 14:05:47.790  1479  1959 D Ethernet: got request NetworkRequest [ TRACK_DEFAULT id=130, [ Capabilities: INTERNET&NOT_RESTRICTED&TRUSTED Unwanted:  Uid: 10057] ] with score 50
11-03 14:05:47.790  1479  1935 D WIFI    : got request NetworkRequest [ TRACK_DEFAULT id=130, [ Capabilities: INTERNET&NOT_RESTRICTED&TRUSTED Unwanted:  Uid: 10057] ] with score 50
11-03 14:05:47.790 18963 18994 I Finsky  : [1222] ves.accept(44): SCH: Scheduling phonesky job Id: 20-23232323, CT: 1635943848113, Constraints: [{ L: 0, D: 82800000, C: 2, I: 1, N: 2 }]
11-03 14:05:47.790  2166  2166 D PhoneSwitcherNetworkRequstListener: got request NetworkRequest [ TRACK_DEFAULT id=130, [ Capabilities: INTERNET&NOT_RESTRICTED&TRUSTED Unwanted:  Uid: 10057] ] with score 50
11-03 14:05:47.791  2309  2309 D QcrilMsgTunnelIfaceManager: handleMessage what = 1
11-03 14:05:47.792  2309  2309 I QcrilOemhookMsgTunnel: [0]invokeOemRilRequestRaw: serial=1353 length=24
11-03 14:05:47.792  2309  2334 I QcrilOemhookMsgTunnel: [0]processOemHookResponse serial no: 1353 error: 0length=0
11-03 14:05:47.793  2309  2309 D QcrilMsgTunnelIfaceManager: handleMessage what = 2
11-03 14:05:47.793 18963 18994 I Finsky  : [1222] ves.accept(44): SCH: Scheduling phonesky job Id: 24-77777777, CT: 1635943852608, Constraints: [{ L: 1, D: 82800000, C: 1, I: 2, N: 0 }]
11-03 14:05:47.794  2309  2334 I QcrilOemhookMsgTunnel: [0]processOemHookIndication length=28
11-03 14:05:47.794  2309  2309 D QcrilMsgTunnelIfaceManager: handleMessage what = 0
11-03 14:05:47.796 18963 18994 I Finsky  : [1222] ves.accept(44): SCH: Scheduling phonesky job Id: 26-1414141414, CT: 1635933062004, Constraints: [{ L: 43200000, D: 44100000, C: 1, I: 1, N: 0 }]
11-03 14:05:47.798 18963 18994 I Finsky  : [1222] ves.accept(44): SCH: Scheduling phonesky job Id: 34-2178, CT: 1635943855544, Constraints: [{ L: 604800000, D: 2061051225, C: 2, I: 2, N: 2 }, { L: 604800000, D: 2061051225, C: 1, I: 2, N: 2 }]
11-03 14:05:47.800 18963 18994 I Finsky  : [1222] ves.accept(44): SCH: Scheduling phonesky job Id: 34-2181, CT: 1635943855544, Constraints: [{ L: 604800000, D: 2183113918, C: 2, I: 2, N: 2 }, { L: 604800000, D: 2183113918, C: 1, I: 2, N: 2 }]
11-03 14:05:47.801 18963 18994 I Finsky  : [1222] ves.accept(44): SCH: Scheduling phonesky job Id: 34-2182, CT: 1635943855544, Constraints: [{ L: 604800000, D: 2267384104, C: 2, I: 2, N: 2 }, { L: 604800000, D: 2267384104, C: 1, I: 2, N: 2 }]
11-03 14:05:47.802 18963 18994 I Finsky  : [1222] ves.accept(44): SCH: Scheduling phonesky job Id: 34-2183, CT: 1635943855544, Constraints: [{ L: 604800000, D: 2267384004, C: 2, I: 2, N: 2 }, { L: 604800000, D: 2267384004, C: 1, I: 2, N: 2 }]
11-03 14:05:47.803 18963 18994 I Finsky  : [1222] ves.accept(44): SCH: Scheduling phonesky job Id: 34-2185, CT: 1635943855544, Constraints: [{ L: 604800000, D: 2329184331, C: 2, I: 2, N: 2 }, { L: 604800000, D: 2329184331, C: 1, I: 2, N: 2 }]
11-03 14:05:47.804 18963 18994 I Finsky  : [1222] ves.accept(44): SCH: Scheduling phonesky job Id: 34-2186, CT: 1635943855544, Constraints: [{ L: 604800000, D: 2329184537, C: 2, I: 2, N: 2 }, { L: 604800000, D: 2329184537, C: 1, I: 2, N: 2 }]
11-03 14:05:47.805 18963 18994 I Finsky  : [1222] ves.accept(44): SCH: Scheduling phonesky job Id: 34-2189, CT: 1635943855545, Constraints: [{ L: 604800000, D: 2443381622, C: 2, I: 2, N: 2 }, { L: 604800000, D: 2443381622, C: 1, I: 2, N: 2 }]
11-03 14:05:47.806 18963 18994 I Finsky  : [1222] ves.accept(44): SCH: Scheduling phonesky job Id: 34-2190, CT: 1635943855545, Constraints: [{ L: 604800000, D: 2443381711, C: 2, I: 2, N: 2 }, { L: 604800000, D: 2443381711, C: 1, I: 2, N: 2 }]
11-03 14:05:47.806 18963 18994 I Finsky  : [1222] ves.accept(44): SCH: Scheduling phonesky job Id: 34-2191, CT: 1635943855545, Constraints: [{ L: 604800000, D: 2512385499, C: 2, I: 2, N: 2 }, { L: 604800000, D: 2512385499, C: 1, I: 2, N: 2 }]
11-03 14:05:47.807 18963 18994 I Finsky  : [1222] ves.accept(44): SCH: Scheduling phonesky job Id: 34-2193, CT: 1635943855544, Constraints: [{ L: 604800000, D: 2536451372, C: 2, I: 2, N: 2 }, { L: 604800000, D: 2536451372, C: 1, I: 2, N: 2 }]
11-03 14:05:47.808 18963 18994 I Finsky  : [1222] ves.accept(44): SCH: Scheduling phonesky job Id: 34-2195, CT: 1635943855544, Constraints: [{ L: 18343537, D: 1314343537, C: 2, I: 2, N: 2 }, { L: 18343537, D: 1314343537, C: 1, I: 2, N: 2 }]
11-03 14:05:47.815 18963 18982 I cr_CronetLibraryLoader: Cronet version: 96.0.4664.17, arch: aarch64
11-03 14:05:47.820 18963 18981 W Settings: Setting download_manager_max_bytes_over_mobile has moved from android.provider.Settings.Secure to android.provider.Settings.Global.
11-03 14:05:47.827 18963 18981 I Finsky  : [1209] rev.i(3): SettingNotFoundException, fall through to G.downloadBytesOverMobileMaximum
11-03 14:05:47.827 18963 18981 W Settings: Setting download_manager_recommended_max_bytes_over_mobile has moved from android.provider.Settings.Secure to android.provider.Settings.Global.
11-03 14:05:47.833  2166  2166 D TransmitPower: PSensor:setPSensorPower() : Power ON
11-03 14:05:47.838  2166  2166 D TransmitPower: AccSensor(62771331):setPSensorPower() : Power ON
11-03 14:05:47.838 18963 18981 I Finsky  : [1209] rev.h(3): SettingNotFoundException, fall through to G.downloadBytesOverMobileRecommended
11-03 14:05:47.838  2166  2166 D TransmitPower: PSensorObserver:onPSensorStateChanged() : isNear = false
11-03 14:05:47.841  2166  2166 D TransmitPower: PSensorObserver:onPSensorStateChanged() : isNear = false
11-03 14:05:47.848 18963 18981 I Finsky  : [1209] akjy.c(2): registerListener
11-03 14:05:47.849 18963 18980 I Finsky  : [1208] pqy.n(5): Enqueuing libraries load for -1130228007
11-03 14:05:47.852 18963 18981 I Finsky  : [1209] akjy.c(2): registerListener
11-03 14:05:47.853 18963 18994 I Finsky  : [1222] pqy.o(1): Starting libraries load for -1130228007
11-03 14:05:47.864 18963 18980 I Finsky  : [1208] ikv.j(3): Subscription detail: DataSubscriptionInfo{groupIdLevel1=FFFFFFFF, serviceProviderName=[9BGh-2J1i0xUaQ0KcCtJVbVN0iEVQW-nsc5RtKCEgY0], simCarrierId=1958}
11-03 14:05:47.865 18963 18980 I Finsky  : [1208] aduq.v(2): Setup app restrictions monitor
11-03 14:05:47.869 18963 18980 I Finsky  : [1208] adwc.a(3): Device wide unknown source restriction is changed.
11-03 14:05:47.882 18963 18980 I Finsky  : [1208] adjl.a(1): Warm data store was already initialized.
11-03 14:05:47.883 18963 18980 I Finsky  : [1208] adjm.a(1): Warm data store was already initialized.
11-03 14:05:47.897  1479  1551 I ActivityManager: Start proc 19026:com.google.process.gapps/u0a43 for content provider com.google.android.gsf/.settings.GoogleSettingsProvider
11-03 14:05:47.904 19026 19026 E e.process.gapp: Not starting debugger since process cannot load the jdwp agent.
11-03 14:05:47.939  1479  1513 D ConnectivityService: getProxy: mDefaultProxy return
11-03 14:05:47.943 19026 19026 I e.process.gapp: The ClassLoaderContext is a special shared library.
11-03 14:05:47.957 18963 18994 I Finsky  : [1222] pqy.o(20): Loaded library for account: [ZtUYsO91xiE-R581yTAjVMbwSJHlwgc9sNJFwockzmU]
11-03 14:05:47.958 18963 18994 I Finsky  : [1222] pqy.o(20): Loaded library for account: [Qa8oPjBdy-gI-QVkwcdnXexET3UOAQT-RTRh8743prk]
11-03 14:05:47.958 18963 18994 I Finsky  : [1222] pqy.o(24): Finished loading 2 libraries.
11-03 14:05:47.964 19026 19026 I Perf    : Connecting to perf service.
11-03 14:05:47.997 19026 19026 I GoogleHttpClient: GMS http client unavailable, use old client
11-03 14:05:48.002 18963 18994 I Finsky  : [1222] vny.apply(8): SCH: Scheduling 0 system job(s)
11-03 14:05:48.054 18963 18990 I Finsky  : [1218] oyc.<init>(2): Item store provider started.
11-03 14:05:48.058 18963 18990 I Finsky  : [1218] oyc.b(6): Created new item store.
11-03 14:05:48.076 18963 18963 I Finsky  : [2] nfi.B(3): Installer: Attempting to start installer
11-03 14:05:48.078 18963 18963 I Finsky  : [2] akjy.c(2): registerListener
11-03 14:05:48.083 18963 18963 I Finsky  : [2] adjl.a(1): Warm data store was already initialized.
11-03 14:05:48.087 18963 18963 I chatty  : uid=10057(com.android.vending) identical 2 lines
11-03 14:05:48.087 18963 18963 I Finsky  : [2] adjl.a(1): Warm data store was already initialized.
11-03 14:05:48.088 18963 18963 I Finsky  : [2] nqo.<init>(18): Initializing pausers from value store.
11-03 14:05:48.088 18963 18963 I Finsky  : [2] nqo.<init>(21): Get the following callers from value store [].
11-03 14:05:48.094 18963 18983 D NetworkSecurityConfig: No Network Security Config specified, using platform default
11-03 14:05:48.095 18963 18963 I Finsky  : [2] vsj.a(3): SCH: job service start with id 9574.
11-03 14:05:48.107 18963 18963 I Finsky  : [2] iku.onSubscriptionsChanged(1): onSubscriptionsChanged
11-03 14:05:48.153 18963 18991 I Finsky  : [1219] vri.a(25): SCH: Satisfied jobs for 9574 are: 10-4
11-03 14:05:48.153  2166  2166 D TransmitPower: AccSensorObserver:onMotionStateChanged() : isStable = false
11-03 14:05:48.155  2166  2166 D TransmitPower: TransmitPowerService:setPowerBackOffFactor() : key = 16, value = 16
11-03 14:05:48.155  2309  2309 D QcrilMsgTunnelIfaceManager: handleMessage what = 1
11-03 14:05:48.156  2309  2309 I QcrilOemhookMsgTunnel: [0]invokeOemRilRequestRaw: serial=1354 length=24
11-03 14:05:48.157  2309  2334 I QcrilOemhookMsgTunnel: [0]processOemHookResponse serial no: 1354 error: 0length=0
11-03 14:05:48.157  2309  2309 D QcrilMsgTunnelIfaceManager: handleMessage what = 2
11-03 14:05:48.165 18963 19050 I Finsky  : [1253] vqv.accept(2): SCH: Job 10-4 starting
11-03 14:05:48.174 18963 18963 D PhenotypeContext: Application doesn't implement PhenotypeApplication interface, falling back to globally set context. See go/phenotype-flag#process-stable-init for more info.
11-03 14:05:48.204  2503 16279 I FacsCacheGmsModule: Receiving API connection to FACS API from package 'com.android.vending'...
11-03 14:05:48.207  2503 16279 I FacsCacheGmsModule: API connection successful!
11-03 14:05:48.209  2503  2515 I FacsCacheGmsModule: Received 'getActivityControlsSettings' request from package 'com.android.vending', instance id 'common', version '1'...
11-03 14:05:48.211  2503  2515 I FacsCacheGmsModule: Operation 'getActivityControlsSettings' dispatched!
11-03 14:05:48.211  2503  2616 I FacsCacheGmsModule: Executing operation 'GetActivityControlsSettingsOperation'...
11-03 14:05:48.217  2503  2616 I FacsCacheGmsModule: Operation 'GetActivityControlsSettingsOperation' successful!
11-03 14:05:48.219  2795  2795 D BoundBrokerSvc: onBind: Intent { act=com.google.android.gms.facs.internal.service.START cmp=com.google.android.gms/.chimera.GmsInternalApiService }
11-03 14:05:48.219  2795  2795 D BoundBrokerSvc: Loading bound service for intent: Intent { act=com.google.android.gms.facs.internal.service.START cmp=com.google.android.gms/.chimera.GmsInternalApiService }
11-03 14:05:48.224  2795  6223 I FacsCacheGmsModule: Receiving API connection to internal FACS API...
11-03 14:05:48.225 18963 18984 I Finsky  : [1212] fqr.apply(5): AF: Checkbox is disabled because isCheckboxEnabled() returned false, or was cancelled, or failed.
11-03 14:05:48.226  2795  6223 I FacsCacheGmsModule: API connection successful!
11-03 14:05:48.227 18963 18984 I Finsky  : [1212] vom.s(4): SCH: jobFinished: 10-4. TimeElapsed: 62ms.
11-03 14:05:48.232 18963 19053 I Finsky  : [1256] kjf.g(1): getDownloads()
11-03 14:05:48.266  1479  1551 I ActivityManager: Start proc 19057:com.android.vending:background/u0a57 for service com.android.vending/com.google.android.finsky.ipcservers.background.BackgroundGrpcServerAndroidService
11-03 14:05:48.271 19057 19057 E ding:backgroun: Not starting debugger since process cannot load the jdwp agent.
11-03 14:05:48.301  1479  2110 D ConnectivityService: getProxy: mDefaultProxy return
11-03 14:05:48.304 18963 18986 I Finsky  : [1214] ves.accept(44): SCH: Scheduling phonesky job Id: 1-1337, CT: 1635943847581, Constraints: [{ L: 22995436, D: 66195436, C: 1, I: 1, N: 1 }]
11-03 14:05:48.304 19057 19057 I ding:backgroun: The ClassLoaderContext is a special shared library.
11-03 14:05:48.360 18963 18990 I Finsky  : [1218] vny.apply(8): SCH: Scheduling 1 system job(s)
11-03 14:05:48.360 18963 18990 I Finsky  : [1218] vny.apply(12): SCH: Scheduling system job Id: 9604, L: 22094657, D: 65294657, C: false, I: false, N: 1
11-03 14:05:48.369 19057 19057 W ding:backgroun: JIT profile information will not be recorded: profile file does not exits.
11-03 14:05:48.369 19057 19057 I chatty  : uid=10057 com.android.vending:background identical 3 lines
11-03 14:05:48.369 19057 19057 W ding:backgroun: JIT profile information will not be recorded: profile file does not exits.
11-03 14:05:48.379 18963 19050 I Finsky  : [1253] vsd.a(16): SCH: job service finished with id 9574.
11-03 14:05:48.383 19057 19057 I Perf    : Connecting to perf service.
11-03 14:05:48.386 18963 18990 I Finsky  : [1218] ves.accept(44): SCH: Scheduling phonesky job Id: 29-29, CT: 1635944747718, Constraints: [{ L: 30000, D: 60000, C: 1, I: 1, N: 0 }]
11-03 14:05:48.405 18963 18994 I Finsky  : [1222] vny.apply(8): SCH: Scheduling 1 system job(s)
11-03 14:05:48.405 18963 18994 I Finsky  : [1222] vny.apply(12): SCH: Scheduling system job Id: 9573, L: 29313, D: 59313, C: false, I: false, N: 0
11-03 14:05:48.414 19057 19057 I Finsky:background: [2] fyg.az(6): Process created at version: 27.7.14-21 [0] [PR] 405033391
11-03 14:05:48.469 19057 19057 I Finsky:background: [2] ahmg.n(18): Finished reading experiment flags from file [0tGUNCGIkbk4o6-fQ335kUYSKwVj4lusnHT-A5Dsy08].
11-03 14:05:48.474 19057 19057 I Finsky:background: [2] ahmg.n(18): Finished reading experiment flags from file [VHwR0BxOKu88O1fyLGcJYxmhIhMjTbpNsGh4uCG4rsY].
11-03 14:05:48.480 19057 19057 I Finsky:background: [2] orv.onCreate(2): IPC-SERVER: Starting gRPC host service...
11-03 14:05:48.503  1479  2110 D ConnectivityService: requestNetwork for uid/pid:10057/19057 NetworkRequest [ TRACK_DEFAULT id=132, [ Capabilities: INTERNET&NOT_RESTRICTED&TRUSTED Unwanted:  Uid: 10057] ]
11-03 14:05:48.519  1479  1935 D WIFI_UT : got request NetworkRequest [ TRACK_DEFAULT id=132, [ Capabilities: INTERNET&NOT_RESTRICTED&TRUSTED Unwanted:  Uid: 10057] ] with score 50
11-03 14:05:48.519  1479  1959 D Ethernet: got request NetworkRequest [ TRACK_DEFAULT id=132, [ Capabilities: INTERNET&NOT_RESTRICTED&TRUSTED Unwanted:  Uid: 10057] ] with score 50
11-03 14:05:48.519  1479  1935 D WIFI    : got request NetworkRequest [ TRACK_DEFAULT id=132, [ Capabilities: INTERNET&NOT_RESTRICTED&TRUSTED Unwanted:  Uid: 10057] ] with score 50
11-03 14:05:48.519  2166  2166 D PhoneSwitcherNetworkRequstListener: got request NetworkRequest [ TRACK_DEFAULT id=132, [ Capabilities: INTERNET&NOT_RESTRICTED&TRUSTED Unwanted:  Uid: 10057] ] with score 50
11-03 14:05:48.521  2309  2309 D QcrilMsgTunnelIfaceManager: handleMessage what = 1
11-03 14:05:48.522  2309  2309 I QcrilOemhookMsgTunnel: [0]invokeOemRilRequestRaw: serial=1355 length=24
11-03 14:05:48.522  2309  2334 I QcrilOemhookMsgTunnel: [0]processOemHookResponse serial no: 1355 error: 0length=0
11-03 14:05:48.523  2309  2309 D QcrilMsgTunnelIfaceManager: handleMessage what = 2
11-03 14:05:48.525  2309  2334 I QcrilOemhookMsgTunnel: [0]processOemHookIndication length=28
11-03 14:05:48.525  2309  2309 D QcrilMsgTunnelIfaceManager: handleMessage what = 0
11-03 14:05:48.544 19057 19081 I Finsky:background: [1220] kfc.f(1): getDownloads()
11-03 14:05:48.549 18963 18982 I Finsky  : [1210] kjf.g(1): getDownloads()
11-03 14:05:48.550 19057 19081 I Finsky:background: [1220] kfc.f(1): getDownloads()
11-03 14:05:48.553 18963 19045 I Finsky  : [1249] ndt.run(6): Installer: Installer starting
11-03 14:05:48.554 18963 19045 I Finsky  : [1249] ndt.run(8): Installer: Installer started
11-03 14:05:48.562 18963 18963 I Finsky  : [2] nfi.O(7): Installer: found apps to install. isMultiUserMode=false, apps=[]
11-03 14:05:48.575 18963 19082 I Finsky  : [1262] nle.a(13): IV2: found recoverable installs: []
11-03 14:05:48.619 18963 18963 I Finsky  : [2] adjl.a(1): Warm data store was already initialized.
11-03 14:05:48.620 18963 18963 I Finsky  : [2] xdf.a(1): Connecting InstallListener to SplitInstallService broadcaster...
11-03 14:05:49.849  2166  2166 D TransmitPower: PSensor:setPSensorPower() : Power OFF
11-03 14:05:49.849  2166  2166 D TransmitPower: PSensorObserver:onPSensorStateChanged() : isNear = false
11-03 14:05:49.852  2166  2166 D TransmitPower: AccSensor(62771331):setPSensorPower() : Power OFF
11-03 14:05:49.854  2166  2166 D TransmitPower: TransmitPowerService:setPowerBackOffFactor() : key = 16, value = 0
11-03 14:05:49.854  2309  2309 D QcrilMsgTunnelIfaceManager: handleMessage what = 1
11-03 14:05:49.856  2309  2309 I QcrilOemhookMsgTunnel: [0]invokeOemRilRequestRaw: serial=1356 length=24
11-03 14:05:49.857  2309  2334 I QcrilOemhookMsgTunnel: [0]processOemHookResponse serial no: 1356 error: 0length=0
11-03 14:05:49.858  2309  2309 D QcrilMsgTunnelIfaceManager: handleMessage what = 2
11-03 14:05:52.584 18963 18977 I android.vendin: Waiting for a blocking GC ProfileSaver
11-03 14:05:52.648 18963 18977 I android.vendin: WaitForGcToComplete blocked ProfileSaver on AddRemoveAppImageSpace for 63.881ms
11-03 14:05:52.984 19026 19040 I e.process.gapp: Waiting for a blocking GC ProfileSaver
11-03 14:05:52.997 19026 19040 I e.process.gapp: WaitForGcToComplete blocked ProfileSaver on AddRemoveAppImageSpace for 13.130ms
11-03 14:05:53.381 19057 19072 I ding:backgroun: Waiting for a blocking GC ProfileSaver
11-03 14:05:53.456 19057 19072 I ding:backgroun: WaitForGcToComplete blocked ProfileSaver on AddRemoveAppImageSpace for 74.711ms
11-03 14:05:55.900  2166  2166 D TransmitPower: PSensor:setPSensorPower() : Power ON
11-03 14:05:55.909  2166  2166 D TransmitPower: AccSensor(62771331):setPSensorPower() : Power ON
11-03 14:05:55.909  2166  2166 D TransmitPower: PSensorObserver:onPSensorStateChanged() : isNear = false
11-03 14:05:55.909  2166  2166 D TransmitPower: PSensorObserver:onPSensorStateChanged() : isNear = false
11-03 14:05:56.182  2166  2166 D TransmitPower: AccSensorObserver:onMotionStateChanged() : isStable = false
11-03 14:05:56.188  2166  2166 D TransmitPower: TransmitPowerService:setPowerBackOffFactor() : key = 16, value = 16
11-03 14:05:56.189  2309  2309 D QcrilMsgTunnelIfaceManager: handleMessage what = 1
11-03 14:05:56.191  2309  2309 I QcrilOemhookMsgTunnel: [0]invokeOemRilRequestRaw: serial=1357 length=24
11-03 14:05:56.197  2309  2334 I QcrilOemhookMsgTunnel: [0]processOemHookResponse serial no: 1357 error: 0length=0
11-03 14:05:56.198  2309  2309 D QcrilMsgTunnelIfaceManager: handleMessage what = 2
11-03 14:05:56.909  2166  2166 D TransmitPower: PSensor:setPSensorPower() : Power OFF
11-03 14:05:56.909  2166  2166 D TransmitPower: PSensorObserver:onPSensorStateChanged() : isNear = false
11-03 14:05:56.915  2166  2166 D TransmitPower: AccSensor(62771331):setPSensorPower() : Power OFF
11-03 14:05:56.918  2166  2166 D TransmitPower: TransmitPowerService:setPowerBackOffFactor() : key = 16, value = 0
11-03 14:05:56.918  2309  2309 D QcrilMsgTunnelIfaceManager: handleMessage what = 1
11-03 14:05:56.919  2309  2309 I QcrilOemhookMsgTunnel: [0]invokeOemRilRequestRaw: serial=1358 length=24
11-03 14:05:56.922  2309  2334 I QcrilOemhookMsgTunnel: [0]processOemHookResponse serial no: 1358 error: 0length=0
11-03 14:05:56.922  2309  2309 D QcrilMsgTunnelIfaceManager: handleMessage what = 2
11-03 14:05:57.777 18963 18986 I Finsky  : [1214] fxy.run(45): Initializing the instant apps module.
11-03 14:05:57.789 18963 18994 I Finsky  : [1222] tcg.h(1): Triggered update for experiment package com.google.android.finsky.stable.
11-03 14:05:57.791   925   925 W memtrack@1.0-se: type=1400 audit(0.0:2533): avc: denied { search } for name="proc" dev="debugfs" ino=19186 scontext=u:r:hal_memtrack_default:s0 tcontext=u:object_r:qti_debugfs:s0 tclass=dir permissive=0 ppid=1 pcomm="init" pgid=1 pgcomm="init"
11-03 14:05:57.791   925   925 W memtrack@1.0-se: type=1400 audit(0.0:2534): avc: denied { search } for name="proc" dev="debugfs" ino=19186 scontext=u:r:hal_memtrack_default:s0 tcontext=u:object_r:qti_debugfs:s0 tclass=dir permissive=0 ppid=1 pcomm="init" pgid=1 pgcomm="init"
11-03 14:05:57.963 18963 18994 I Finsky  : [1222] tcg.h(7): Already at the latest configurations for experiment package com.google.android.finsky.stable.
11-03 14:05:57.963 18963 18990 I Finsky  : [1218] tcg.h(1): Triggered update for experiment package com.google.android.finsky.regular.
11-03 14:05:57.965 18963 18994 I Finsky  : [1222] adqe.b(1): Restoring notifications
11-03 14:05:57.972 18963 18994 I Finsky  : [1222] adqe.b(4): Done restoring notifications
11-03 14:05:57.974 18963 18994 I Finsky  : [1222] spa.n(8): Invalidating cached PackageState for com.android.vending
11-03 14:05:58.071 18963 19099 I Finsky  : [1273] eyv.run(5): Wrote row to frosting DB: 44792
11-03 14:05:58.071 18963 18994 I Finsky  : [1222] fxy.run(19): Component class com.google.android.finsky.wearsupport.WearSupportService disabled via PackageManager.
11-03 14:05:58.072 18963 18994 I Finsky  : [1222] fxy.run(19): Component class com.google.android.finsky.wearsupport.WearChangeListenerService disabled via PackageManager.
11-03 14:05:58.191 18963 18990 I Finsky  : [1218] tcp.b(1): Regular flags synced
11-03 14:05:58.192 18963 18990 I Finsky  : [1218] ahmg.o(3): Writing flags config, size 1.
11-03 14:05:58.192 18963 18990 I Finsky  : [1218] ahmg.o(3): Started writing experiment flags into file [Zfirnmr8TWAmuAEWY03LzkfT64cob_MvrE7oin0zTh8].
11-03 14:05:58.202 18963 18990 I Finsky  : [1218] ahmg.o(17): Finished writing experiment flags into file [Zfirnmr8TWAmuAEWY03LzkfT64cob_MvrE7oin0zTh8].
11-03 14:05:58.207 18963 18990 I Finsky  : [1218] tcg.g(22): Successfully applied new configurations for package com.google.android.finsky.regular.
11-03 14:05:58.207 18963 18993 I Finsky  : [1221] tcg.h(1): Triggered update for experiment package com.google.android.finsky.regular.
11-03 14:05:58.347 18963 18993 I Finsky  : [1221] tcg.h(7): Already at the latest configurations for experiment package com.google.android.finsky.regular.
11-03 14:05:58.347 18963 18986 I Finsky  : [1214] tcg.h(1): Triggered update for experiment package com.google.android.finsky.regular.
11-03 14:05:58.578 19057 19057 I Finsky:background: [2] orv.onDestroy(8): IPC-SERVER: Stopping gRPC host service...
11-03 14:05:58.582 18963 18986 I Finsky  : [1214] tcp.b(1): Regular flags synced
11-03 14:05:58.582 18963 18986 I Finsky  : [1214] ahmg.o(3): Writing flags config, size 1.
11-03 14:05:58.583 18963 18986 I Finsky  : [1214] ahmg.o(3): Started writing experiment flags into file [4dEVOh7DlClE42ly_19Hs7FqnnFOj9O0dm-zzWqGxeo].
11-03 14:05:58.589 18963 18986 I Finsky  : [1214] ahmg.o(17): Finished writing experiment flags into file [4dEVOh7DlClE42ly_19Hs7FqnnFOj9O0dm-zzWqGxeo].
11-03 14:05:58.592 18963 18986 I Finsky  : [1214] tcg.g(22): Successfully applied new configurations for package com.google.android.finsky.regular.
11-03 14:05:58.635 18963 19106 I Finsky  : [1276] akjy.c(2): registerListener
11-03 14:05:58.636 18963 19106 I Finsky  : [1276] kjf.g(1): getDownloads()
11-03 14:05:58.646 19057 19057 I Finsky:background: [2] orv.onCreate(2): IPC-SERVER: Starting gRPC host service...
11-03 14:05:58.646 18963 19106 I Finsky  : [1276] yh.run(14): Initialized AssetModuleDownloader.
11-03 14:05:58.651 19057 19081 I Finsky:background: [1220] kfc.f(1): getDownloads()
11-03 14:05:58.660 18963 18963 I Finsky  : [2] wrc.run(10): Detected restoreservicev2://recovery not needed, will not run
11-03 14:06:00.052   922  1073 D SDM     : DisplayBase::BuildLayerStackStats: LayerStack layer_count: 5, app_layer_count: 4, gpu_target_index: 4, display type: 0
11-03 14:06:00.086   922  1073 D SDM     : DisplayBase::BuildLayerStackStats: LayerStack layer_count: 5, app_layer_count: 4, gpu_target_index: 4, display type: 0
11-03 14:06:01.974  1997  2256 V WifiManager: registerSoftApCallback: callback=com.android.systemui.statusbar.policy.HotspotControllerImpl@153c9b8, handler=Handler (android.os.Handler) {4732391}
11-03 14:06:01.979  1997  3037 V WifiManager: SoftApCallbackProxy: onStateChanged: state=11, failureReason=0
11-03 14:06:01.979  1997  3037 V WifiManager: SoftApCallbackProxy: onNumClientsChanged: numClients=0
11-03 14:06:01.984  1997  2256 V WifiManager: registerSoftApCallback: callback=com.android.systemui.statusbar.policy.HotspotControllerImpl@153c9b8, handler=Handler (android.os.Handler) {4732391}
11-03 14:06:01.987  1997  3037 V WifiManager: SoftApCallbackProxy: onStateChanged: state=11, failureReason=0
11-03 14:06:01.987  1997  3037 V WifiManager: SoftApCallbackProxy: onNumClientsChanged: numClients=0
11-03 14:06:02.014   922  1073 D SDM     : DisplayBase::BuildLayerStackStats: LayerStack layer_count: 5, app_layer_count: 4, gpu_target_index: 4, display type: 0
11-03 14:06:03.295  2795  2795 D BoundBrokerSvc: onUnbind: Intent { act=com.google.android.gms.facs.internal.service.START cmp=com.google.android.gms/.chimera.GmsInternalApiService }
11-03 14:06:03.303  1479  1977 I ActivityManager: Killing 17294:com.google.android.videos/u0a145 (adj 906): empty #25
11-03 14:06:03.307  1479  1552 W libprocessgroup: kill(-17294, 9) failed: No such process
11-03 14:06:03.344   787   787 I Zygote  : Process 17294 exited due to signal (9)
11-03 14:06:03.345  1479  1552 W libprocessgroup: kill(-17294, 9) failed: No such process
11-03 14:06:03.345  1479  1552 I libprocessgroup: Successfully killed process cgroup uid 10145 pid 17294 in 38ms
11-03 14:06:03.956  2166  2166 D TransmitPower: PSensor:setPSensorPower() : Power ON
11-03 14:06:03.965  2166  2166 D TransmitPower: AccSensor(62771331):setPSensorPower() : Power ON
11-03 14:06:03.965  2166  2166 D TransmitPower: PSensorObserver:onPSensorStateChanged() : isNear = false
11-03 14:06:03.966  2166  2166 D TransmitPower: PSensorObserver:onPSensorStateChanged() : isNear = false
11-03 14:06:04.240  2166  2166 D TransmitPower: AccSensorObserver:onMotionStateChanged() : isStable = false
11-03 14:06:04.243  2166  2166 D TransmitPower: TransmitPowerService:setPowerBackOffFactor() : key = 16, value = 16
11-03 14:06:04.244  2309  2309 D QcrilMsgTunnelIfaceManager: handleMessage what = 1
11-03 14:06:04.246  2309  2309 I QcrilOemhookMsgTunnel: [0]invokeOemRilRequestRaw: serial=1359 length=24
11-03 14:06:04.249  2309  2334 I QcrilOemhookMsgTunnel: [0]processOemHookResponse serial no: 1359 error: 0length=0
11-03 14:06:04.249  2309  2309 D QcrilMsgTunnelIfaceManager: handleMessage what = 2
11-03 14:06:04.962  2166  2166 D TransmitPower: PSensor:setPSensorPower() : Power OFF
11-03 14:06:04.962  2166  2166 D TransmitPower: PSensorObserver:onPSensorStateChanged() : isNear = false
11-03 14:06:04.968  2166  2166 D TransmitPower: AccSensor(62771331):setPSensorPower() : Power OFF
11-03 14:06:04.970  2166  2166 D TransmitPower: TransmitPowerService:setPowerBackOffFactor() : key = 16, value = 0
11-03 14:06:04.971  2309  2309 D QcrilMsgTunnelIfaceManager: handleMessage what = 1
11-03 14:06:04.973  2309  2309 I QcrilOemhookMsgTunnel: [0]invokeOemRilRequestRaw: serial=1360 length=24
11-03 14:06:04.975  2309  2334 I QcrilOemhookMsgTunnel: [0]processOemHookResponse serial no: 1360 error: 0length=0
11-03 14:06:04.975  2309  2309 D QcrilMsgTunnelIfaceManager: handleMessage what = 2
11-03 14:06:08.664  1479  7336 I ActivityManager: Killing 18034:com.qualcomm.qti.qms.service.telemetry/u0a256 (adj 904): empty #25
11-03 14:06:08.667  1479  1552 W libprocessgroup: kill(-18034, 9) failed: No such process
11-03 14:06:08.672 19057 19057 I Finsky:background: [2] orv.onDestroy(8): IPC-SERVER: Stopping gRPC host service...
11-03 14:06:08.678  1479  6681 I ActivityManager: Killing 17314:com.google.android.apps.walletnfcrel/u0a260 (adj 904): empty #25
11-03 14:06:08.681   925   925 W memtrack@1.0-se: type=1400 audit(0.0:2535): avc: denied { search } for name="proc" dev="debugfs" ino=19186 scontext=u:r:hal_memtrack_default:s0 tcontext=u:object_r:qti_debugfs:s0 tclass=dir permissive=0 ppid=1 pcomm="init" pgid=1 pgcomm="init"
11-03 14:06:08.705  1479  1552 W libprocessgroup: kill(-18034, 9) failed: No such process
11-03 14:06:08.710   788   788 I Zygote  : Process 18034 exited due to signal (9)
11-03 14:06:08.729   787   787 I Zygote  : Process 17314 exited due to signal (9)
11-03 14:06:08.731   925   925 W memtrack@1.0-se: type=1400 audit(0.0:2537): avc: denied { search } for name="proc" dev="debugfs" ino=19186 scontext=u:r:hal_memtrack_default:s0 tcontext=u:object_r:qti_debugfs:s0 tclass=dir permissive=0 ppid=1 pcomm="init" pgid=1 pgcomm="init"
11-03 14:06:08.731   925   925 W memtrack@1.0-se: type=1400 audit(0.0:2538): avc: denied { search } for name="proc" dev="debugfs" ino=19186 scontext=u:r:hal_memtrack_default:s0 tcontext=u:object_r:qti_debugfs:s0 tclass=dir permissive=0 ppid=1 pcomm="init" pgid=1 pgcomm="init"
11-03 14:06:08.745  1479  1552 W libprocessgroup: kill(-18034, 9) failed: No such process
11-03 14:06:08.745  1479  1552 I libprocessgroup: Successfully killed process cgroup uid 10256 pid 18034 in 78ms
11-03 14:06:08.745  1479  1552 W libprocessgroup: kill(-17314, 9) failed: No such process
11-03 14:06:08.745  1479  1552 I libprocessgroup: Successfully killed process cgroup uid 10260 pid 17314 in 0ms
11-03 14:06:08.992  2166  2166 D TransmitPower: PSensor:setPSensorPower() : Power ON
11-03 14:06:09.002  2166  2166 D TransmitPower: AccSensor(62771331):setPSensorPower() : Power ON
11-03 14:06:09.003  2166  2166 D TransmitPower: PSensorObserver:onPSensorStateChanged() : isNear = false
11-03 14:06:09.003  2166  2166 D TransmitPower: PSensorObserver:onPSensorStateChanged() : isNear = false
11-03 14:06:09.289  2166  2166 D TransmitPower: AccSensorObserver:onMotionStateChanged() : isStable = false
11-03 14:06:09.293  2166  2166 D TransmitPower: TransmitPowerService:setPowerBackOffFactor() : key = 16, value = 16
11-03 14:06:09.294  2309  2309 D QcrilMsgTunnelIfaceManager: handleMessage what = 1
11-03 14:06:09.296  2309  2309 I QcrilOemhookMsgTunnel: [0]invokeOemRilRequestRaw: serial=1361 length=24
11-03 14:06:09.299  2309  2334 I QcrilOemhookMsgTunnel: [0]processOemHookResponse serial no: 1361 error: 0length=0
11-03 14:06:09.299  2309  2309 D QcrilMsgTunnelIfaceManager: handleMessage what = 2
11-03 14:06:10.005  2166  2166 D TransmitPower: PSensor:setPSensorPower() : Power OFF
11-03 14:06:10.005  2166  2166 D TransmitPower: PSensorObserver:onPSensorStateChanged() : isNear = false
11-03 14:06:10.009  2166  2166 D TransmitPower: AccSensor(62771331):setPSensorPower() : Power OFF
11-03 14:06:10.011  2166  2166 D TransmitPower: TransmitPowerService:setPowerBackOffFactor() : key = 16, value = 0
11-03 14:06:10.012  2309  2309 D QcrilMsgTunnelIfaceManager: handleMessage what = 1
11-03 14:06:10.013  2309  2309 I QcrilOemhookMsgTunnel: [0]invokeOemRilRequestRaw: serial=1362 length=24
11-03 14:06:10.014  2309  2334 I QcrilOemhookMsgTunnel: [0]processOemHookResponse serial no: 1362 error: 0length=0
11-03 14:06:10.014  2309  2309 D QcrilMsgTunnelIfaceManager: handleMessage what = 2
11-03 14:06:14.043  2166  2166 D TransmitPower: PSensor:setPSensorPower() : Power ON
11-03 14:06:14.057  2166  2166 D TransmitPower: AccSensor(62771331):setPSensorPower() : Power ON
11-03 14:06:14.057  2166  2166 D TransmitPower: PSensorObserver:onPSensorStateChanged() : isNear = false
11-03 14:06:14.058  2166  2166 D TransmitPower: PSensorObserver:onPSensorStateChanged() : isNear = false
11-03 14:06:14.130   751   751 I QNS     : QNS: soc=80, v=4145, i=393, t=340
11-03 14:06:14.130   751   751 I QNS     : QNS: requested charging params: current: 800, voltage: 4350
11-03 14:06:14.329  2166  2166 D TransmitPower: AccSensorObserver:onMotionStateChanged() : isStable = false
11-03 14:06:14.333  2166  2166 D TransmitPower: TransmitPowerService:setPowerBackOffFactor() : key = 16, value = 16
11-03 14:06:14.334  2309  2309 D QcrilMsgTunnelIfaceManager: handleMessage what = 1
11-03 14:06:14.337  2309  2309 I QcrilOemhookMsgTunnel: [0]invokeOemRilRequestRaw: serial=1363 length=24
11-03 14:06:14.339  2309  2334 I QcrilOemhookMsgTunnel: [0]processOemHookResponse serial no: 1363 error: 0length=0
11-03 14:06:14.339  2309  2309 D QcrilMsgTunnelIfaceManager: handleMessage what = 2
11-03 14:06:17.056  2166  2166 D TransmitPower: PSensor:setPSensorPower() : Power OFF
11-03 14:06:17.056  2166  2166 D TransmitPower: PSensorObserver:onPSensorStateChanged() : isNear = false
11-03 14:06:17.063  2166  2166 D TransmitPower: AccSensor(62771331):setPSensorPower() : Power OFF
11-03 14:06:17.068  2166  2166 D TransmitPower: TransmitPowerService:setPowerBackOffFactor() : key = 16, value = 0
11-03 14:06:17.069  2309  2309 D QcrilMsgTunnelIfaceManager: handleMessage what = 1
11-03 14:06:17.070  2309  2309 I QcrilOemhookMsgTunnel: [0]invokeOemRilRequestRaw: serial=1364 length=24
11-03 14:06:17.073  2309  2334 I QcrilOemhookMsgTunnel: [0]processOemHookResponse serial no: 1364 error: 0length=0
11-03 14:06:17.074  2309  2309 D QcrilMsgTunnelIfaceManager: handleMessage what = 2
11-03 14:06:19.262  1479  1479 V SettingsProvider: Notifying for 0: content://settings/system/screen_brightness
11-03 14:06:20.084  2166  2166 D TransmitPower: PSensor:setPSensorPower() : Power ON
11-03 14:06:20.093  2166  2166 D TransmitPower: AccSensor(62771331):setPSensorPower() : Power ON
11-03 14:06:20.094  2166  2166 D TransmitPower: PSensorObserver:onPSensorStateChanged() : isNear = false
11-03 14:06:20.096  2166  2166 D TransmitPower: PSensorObserver:onPSensorStateChanged() : isNear = false
11-03 14:06:20.383  2166  2166 D TransmitPower: AccSensorObserver:onMotionStateChanged() : isStable = false
11-03 14:06:20.387  2166  2166 D TransmitPower: TransmitPowerService:setPowerBackOffFactor() : key = 16, value = 16
11-03 14:06:20.388  2309  2309 D QcrilMsgTunnelIfaceManager: handleMessage what = 1
11-03 14:06:20.392  2309  2309 I QcrilOemhookMsgTunnel: [0]invokeOemRilRequestRaw: serial=1365 length=24
11-03 14:06:20.395  2309  2334 I QcrilOemhookMsgTunnel: [0]processOemHookResponse serial no: 1365 error: 0length=0
11-03 14:06:20.395  2309  2309 D QcrilMsgTunnelIfaceManager: handleMessage what = 2
11-03 14:06:22.104  2166  2166 D TransmitPower: PSensor:setPSensorPower() : Power OFF
11-03 14:06:22.104  2166  2166 D TransmitPower: PSensorObserver:onPSensorStateChanged() : isNear = false
11-03 14:06:22.110  2166  2166 D TransmitPower: AccSensor(62771331):setPSensorPower() : Power OFF
11-03 14:06:22.113  2166  2166 D TransmitPower: TransmitPowerService:setPowerBackOffFactor() : key = 16, value = 0
11-03 14:06:22.113  2309  2309 D QcrilMsgTunnelIfaceManager: handleMessage what = 1
11-03 14:06:22.114  2309  2309 I QcrilOemhookMsgTunnel: [0]invokeOemRilRequestRaw: serial=1366 length=24
11-03 14:06:22.118  2309  2334 I QcrilOemhookMsgTunnel: [0]processOemHookResponse serial no: 1366 error: 0length=0
11-03 14:06:22.119  2309  2309 D QcrilMsgTunnelIfaceManager: handleMessage what = 2
