--------- beginning of main
11-03 14:05:16.051   925   925 W memtrack@1.0-se: type=1400 audit(0.0:2529): avc: denied { search } for name="proc" dev="debugfs" ino=19186 scontext=u:r:hal_memtrack_default:s0 tcontext=u:object_r:qti_debugfs:s0 tclass=dir permissive=0 ppid=1 pcomm="init" pgid=1 pgcomm="init"
11-03 14:05:16.051   925   925 W memtrack@1.0-se: type=1400 audit(0.0:2530): avc: denied { search } for name="proc" dev="debugfs" ino=19186 scontext=u:r:hal_memtrack_default:s0 tcontext=u:object_r:qti_debugfs:s0 tclass=dir permissive=0 ppid=1 pcomm="init" pgid=1 pgcomm="init"
11-03 14:05:16.612  2166  2166 D TransmitPower: PSensorObserver:onPSensorStateChanged() : isNear = false
11-03 14:05:16.613  2166  2166 D TransmitPower: PSensorObserver:onPSensorStateChanged() : isNear = false
11-03 14:05:16.673  2795  2795 I GCM     : Message from null
11-03 14:05:16.673  2795  2795 E GCM     : Dropping message to GMS from null as no component is set
11-03 14:05:16.683  2795  2795 I GCM     : Message from null
11-03 14:05:16.683  2795  2795 E GCM     : Dropping message to GMS from null as no component is set
11-03 14:05:16.693  2795  2795 I GCM     : Message from null
11-03 14:05:16.693  2795  2795 E GCM     : Dropping message to GMS from null as no component is set
11-03 14:05:16.702  2503 14911 W ChimeraUtils: Module com.google.android.gms.gcm has empty metadata display_name_string_id
--------- beginning of system
11-03 14:05:16.747  1479  1551 I ActivityManager: Start proc 18844:org.thoughtcrime.securesms/u0a67 for broadcast org.thoughtcrime.securesms/com.google.firebase.iid.FirebaseInstanceIdReceiver
11-03 14:05:16.761 18844 18844 E crime.securesm: Not starting debugger since process cannot load the jdwp agent.
11-03 14:05:16.823  1479  3121 D ConnectivityService: getProxy: mDefaultProxy return
11-03 14:05:16.829 18844 18844 I crime.securesm: The ClassLoaderContext is a special shared library.
11-03 14:05:16.870 18844 18844 I Perf    : Connecting to perf service.
11-03 14:05:16.895 18844 18844 I MultiDex: VM with version 2.1.0 has multidex support
11-03 14:05:16.896 18844 18844 I MultiDex: Installing application
11-03 14:05:16.896 18844 18844 I MultiDex: VM has multidex support, MultiDex support library is disabled.
11-03 14:05:16.932 18844 18844 I FirebaseApp: Device unlocked: initializing all Firebase APIs for app [DEFAULT]
11-03 14:05:16.966 18844 18844 I FirebaseInitProvider: FirebaseApp initialization successful
11-03 14:05:16.994 18844 18844 I BlobContentProvider: onCreate()
11-03 14:05:16.995 18844 18844 I PartProvider: onCreate()
11-03 14:05:17.030 18844 18844 I ApplicationContext: Installed AesGcmProvider: 1
11-03 14:05:17.189 18844 18844 V NativeCrypto: Registering org/conscrypt/NativeCrypto's 284 native methods...
11-03 14:05:17.198 18844 18844 I ApplicationContext: Installed Conscrypt provider: 2
11-03 14:05:17.289  1479  1549 W BroadcastQueue: Background execution not allowed: receiving Intent { act=android.intent.action.DROPBOX_ENTRY_ADDED flg=0x10 (has extras) } to com.google.android.gms/.stats.service.DropBoxEntryAddedReceiver
11-03 14:05:17.290  1479  1549 W BroadcastQueue: Background execution not allowed: receiving Intent { act=android.intent.action.DROPBOX_ENTRY_ADDED flg=0x10 (has extras) } to com.google.android.gms/.chimera.GmsIntentOperationService$PersistentTrustedReceiver
11-03 14:05:17.290  1479  1549 W BroadcastQueue: Background execution not allowed: receiving Intent { act=android.intent.action.DROPBOX_ENTRY_ADDED flg=0x10 (has extras) } to com.sonyericsson.crashmonitor/.receiver.CrashMonitorServiceBroadcastReceiver
11-03 14:05:17.292 18844 18844 I ApplicationContext: onCreate()
11-03 14:05:17.326 18844 18867 I SQLiteConnection: Database keying operation returned:0
11-03 14:05:17.326 18844 18844 I SQLiteConnection: Database keying operation returned:0
11-03 14:05:17.365 18844 18844 I KeyValueDatabase: onOpen()
11-03 14:05:17.367 18844 18844 I SQLiteConnection: Database keying operation returned:0
11-03 14:05:17.367 18844 18867 I SQLiteConnection: Database keying operation returned:0
11-03 14:05:17.376 18844 18844 I SQLiteConnection: Database keying operation returned:0
11-03 14:05:17.406  1479  1549 W BroadcastQueue: Background execution not allowed: receiving Intent { act=android.intent.action.DROPBOX_ENTRY_ADDED flg=0x10 (has extras) } to com.google.android.gms/.stats.service.DropBoxEntryAddedReceiver
11-03 14:05:17.406  1479  1549 W BroadcastQueue: Background execution not allowed: receiving Intent { act=android.intent.action.DROPBOX_ENTRY_ADDED flg=0x10 (has extras) } to com.google.android.gms/.chimera.GmsIntentOperationService$PersistentTrustedReceiver
11-03 14:05:17.406  1479  1549 W BroadcastQueue: Background execution not allowed: receiving Intent { act=android.intent.action.DROPBOX_ENTRY_ADDED flg=0x10 (has extras) } to com.sonyericsson.crashmonitor/.receiver.CrashMonitorServiceBroadcastReceiver
11-03 14:05:17.428 18844 18875 D NotificationChannels: ensureCustomChannelConsistency()
11-03 14:05:17.434 18844 18874 I SQLiteConnection: Database keying operation returned:0
11-03 14:05:17.443 18844 18844 D ApplicationMigrations: Not an update. Skipping.
11-03 14:05:17.443 18844 18844 D CallManager: Loading ringrtc library
11-03 14:05:17.451 18844 18844 I CallManager: CallManager.initialize(): (release build)
11-03 14:05:17.451 18844 18844 I org.webrtc.Logging: NativeLibrary: Loading native library: jingle_peerconnection_so
11-03 14:05:17.452 18844 18879 I SQLiteConnection: Database keying operation returned:0
11-03 14:05:17.452 18844 18844 I org.webrtc.Logging: PeerConnectionFactory: PeerConnectionFactory was initialized without an injected Loggable. Any existing Loggable will be deleted.
11-03 14:05:17.452 18844 18844 I CallManager: CallManager.initialize() returned
11-03 14:05:17.458 18844 18844 I IncomingMessageObserver: Initializing! (223955801)
11-03 14:05:17.458 18844 18880 I IncomingMessageObserver: Waiting for websocket state change....
11-03 14:05:17.459 18844 18844 D DynamicTheme: Setting to always day
11-03 14:05:17.460 18844 18880 D IncomingMessageObserver: Network: true, Foreground: false, FCM: true, Censored: false, Registered: true, Websocket Registered: true, Proxy: false
11-03 14:05:17.460 18844 18844 D CachedInflater: Clearing view cache.
11-03 14:05:17.461 18844 18881 D BlobProvider: No attachment drafts exist. Skipping.
11-03 14:05:17.461 18844 18881 I BlobProvider: Initialized.
11-03 14:05:17.461 18844 18844 I FeatureFlags: init() {android.animatedStickerMinMemory=193, android.animatedStickerMinTotalMemory=3072, android.automaticSessionReset.2=true, android.automaticSessionResetInterval=3600, android.calling.groupCallRinging=false, android.defaultMaxBackoff=60, android.donate=false, android.internalUser=false, android.mediaQuality.levels=1:2,61:2,81:2,82:2,65:2,31:2,47:2,41:2,32:2,385:2,971:2,974:2,49:2,33:2,*:1, android.okhttpAutomaticRetry=true, android.retryReceiptLifespan=3600000, android.retryReceipts=true, android.retryRespondMaxAge=1209600000, android.senderKey.5=true, android.suggestSmsBlacklist=91, android.usernames=false, cds.syncInterval.seconds=604800, global.calling.maxGroupCallRingSize=16, global.groupsv2.groupSizeHardLimit=1001, global.groupsv2.maxGroupSize=151}
11-03 14:05:17.461 18844 18844 D AppStartup: [init] security-provider: 177  sqlcipher-init: 8  logging: 87  crash-handling: 0  rx-init: 0  event-bus: 1  app-dependencies: 2  notification-channels: 130  first-launch: 0  app-migrations: 17  ring-rtc: 9  mark-registration: 0  lifecycle-observer: 0  message-retriever: 7  dynamic-theme: 1  vector-compat: 0  proxy-init: 0  blob-provider: 0  feature-flags: 1  schedule-non-blocking: 0  total: 440
11-03 14:05:17.462 18844 18844 D ApplicationContext: onCreate() took 444 ms
11-03 14:05:17.463 18844 18877 I PersistentAlarmManagerL: RotateSignedPreKeyListener#onReceive(null)
11-03 14:05:17.465 18844 18877 I PersistentAlarmManagerL: class org.thoughtcrime.securesms.service.RotateSignedPreKeyListener scheduling for: 1635957541966 action: null
11-03 14:05:17.465 18844 18880 D IncomingMessageObserver: Network: true, Foreground: false, FCM: true, Censored: false, Registered: true, Websocket Registered: true, Proxy: false
11-03 14:05:17.467 18844 18877 I PersistentAlarmManagerL: DirectoryRefreshListener#onReceive(null)
11-03 14:05:17.468 18844 18877 I PersistentAlarmManagerL: class org.thoughtcrime.securesms.service.DirectoryRefreshListener scheduling for: 1636003758179 action: null
11-03 14:05:17.471 18844 18877 I PersistentAlarmManagerL: RotateSenderCertificateListener#onReceive(null)
11-03 14:05:17.472 18844 18877 I PersistentAlarmManagerL: class org.thoughtcrime.securesms.service.RotateSenderCertificateListener scheduling for: 1635966843145 action: null
11-03 14:05:17.475 18844 18868 I SQLiteConnection: Database keying operation returned:0
11-03 14:05:17.476 18844 18877 I MessageProcessReceiver: Alarm scheduled to repeat at interval 21600000
11-03 14:05:17.477 18844 18877 I PersistentAlarmManagerL: SubscriberIdKeepAliveListener#onReceive(null)
11-03 14:05:17.478 18844 18877 I PersistentAlarmManagerL: class org.thoughtcrime.securesms.service.SubscriberIdKeepAliveListener scheduling for: 1636093835956 action: null
11-03 14:05:17.481 18844 18877 D StorageSyncHelper: No need for sync. Last sync was 1796575 ms ago.
11-03 14:05:17.481 18844 18877 I JobManager: Waiting for initialization...
11-03 14:05:17.485 18844 18874 I SQLiteConnection: Database keying operation returned:0
11-03 14:05:17.493 18844 18879 I JobDatabase: onOpen()
11-03 14:05:17.501 18844 18889 I FcmReceiveService: onMessageReceived() ID: 0:1635944715103719%e3016397f9fd7ecd, Delay: 2403, Priority: 1, Original Priority: 1
11-03 14:05:17.503 18844 18879 I SQLiteConnection: Database keying operation returned:0
11-03 14:05:17.507 18844 18874 I SQLiteConnection: Database keying operation returned:0
11-03 14:05:17.508 18844 18844 I FcmFetchService: Incrementing active count to 1
11-03 14:05:17.517 18844 18892 I BackgroundMessageRetrie: Performing normal message fetch.
11-03 14:05:17.518 18844 18892 I BackgroundMessageRetrie: Attempting strategy: RestStrategy (1 ms elapsed)
11-03 14:05:17.519 18844 18881 I SQLiteConnection: Database keying operation returned:0
11-03 14:05:17.519 18844 18879 I SQLiteConnection: Database keying operation returned:0
11-03 14:05:17.539 18844 18884 I SQLiteConnection: Database keying operation returned:0
11-03 14:05:17.545 18844 18844 I JobManager: onConstraintMet(ChargingConstraintObser)
11-03 14:05:17.551 18844 18844 I JobManager: onConstraintMet(NetworkConstraintObserv)
11-03 14:05:17.552 18844 18877 I JobManager: Initialization complete.
11-03 14:05:17.554 18844 18885 I SQLiteConnection: Database keying operation returned:0
11-03 14:05:17.576 18844 18885 I SQLiteConnection: Database keying operation returned:0
11-03 14:05:17.586 18844 18881 I ApplicationContext: Deleted 0 abandoned attachments.
11-03 14:05:17.589 18844 18885 D PendingRetryReceiptMana: No pending receipts to schedule.
11-03 14:05:17.616  2166  2166 D TransmitPower: PSensor:setPSensorPower() : Power ON
11-03 14:05:17.622  2166  2166 D TransmitPower: AccSensor(62771331):setPSensorPower() : Power ON
11-03 14:05:17.622  2166  2166 D TransmitPower: PSensorObserver:onPSensorStateChanged() : isNear = false
11-03 14:05:17.625  2166  2166 D TransmitPower: PSensorObserver:onPSensorStateChanged() : isNear = false
11-03 14:05:17.683 18844 18884 I ViewOnceMessageManager: No messages to schedule.
11-03 14:05:17.935  2166  2166 D TransmitPower: AccSensorObserver:onMotionStateChanged() : isStable = false
11-03 14:05:17.937  2166  2166 D TransmitPower: TransmitPowerService:setPowerBackOffFactor() : key = 16, value = 16
11-03 14:05:17.937  2309  2309 D QcrilMsgTunnelIfaceManager: handleMessage what = 1
11-03 14:05:17.938  2309  2309 I QcrilOemhookMsgTunnel: [0]invokeOemRilRequestRaw: serial=1342 length=24
11-03 14:05:17.940  2309  2334 I QcrilOemhookMsgTunnel: [0]processOemHookResponse serial no: 1342 error: 0length=0
11-03 14:05:17.940  2309  2309 D QcrilMsgTunnelIfaceManager: handleMessage what = 2
11-03 14:05:17.973 18844 18844 I AppStartup: Assuming the application has started in the background. Running post-render tasks.
11-03 14:05:17.983 18844 18874 I EmojiSearchIndexDownloa: Need to check. It's been 1635944717982 ms since the last check.
11-03 14:05:18.084 18844 18874 I Job     : [JOB::f1f8ffc6-ce2f-4ef0-aae1-fe4b583437df][EmojiSearchIndexDownloadJob] onSubmit() (Time Since Submission: 100 ms, Lifespan: 86400000 ms, Run Attempt: 1/Unlimited)
11-03 14:05:18.086 18844 18881 I JobSchedulerScheduler: JobScheduler enqueue of NETWORK (-1733499378)
11-03 14:05:18.115 18844 18844 I JobSchedulerScheduler: Waking due to job: -1733499378
11-03 14:05:18.223 18844 18896 I JobRunner: [JOB::f1f8ffc6-ce2f-4ef0-aae1-fe4b583437df][EmojiSearchIndexDownloadJob][4] Running job. (Time Since Submission: 238 ms, Lifespan: 86400000 ms, Run Attempt: 1/Unlimited)
11-03 14:05:18.226 18844 18896 D NetworkSecurityConfig: No Network Security Config specified, using platform default
11-03 14:05:18.264 18844 18892 I RestStrategy: Retrieved an envelope. (746 ms elapsed)
11-03 14:05:18.281 18844 18892 I Job     : [JOB::343ca030-d9b5-4a69-aba0-f37355e47fdb][PushDecryptMessageJob] onSubmit() (Time Since Submission: 12 ms, Lifespan: Immortal, Run Attempt: 1/Unlimited)
11-03 14:05:18.282 18844 18883 I JobSchedulerScheduler: JobScheduler enqueue of  (0)
11-03 14:05:18.283 18844 18892 I RestStrategy: Successfully processed an envelope. (765 ms elapsed)
11-03 14:05:18.287 18844 18844 I JobSchedulerScheduler: Waking due to job: 0
11-03 14:05:18.302 18844 18893 I JobRunner: [JOB::343ca030-d9b5-4a69-aba0-f37355e47fdb][PushDecryptMessageJob][1] Running job. (Time Since Submission: 31 ms, Lifespan: Immortal, Run Attempt: 1/Unlimited)
11-03 14:05:18.355 18844 18893 I libsignal-client: rust/bridge/jni/src/logging.rs:173: Initializing libsignal-client version:0.9.7
11-03 14:05:18.358 18844 18893 I libsignal-client: rust/protocol/src/sealed_sender.rs:441: deserialized UnidentifiedSenderMessageContent from c9aa3245-5aec-42ab-86e5-30f681608408.1 with type SenderKey
11-03 14:05:18.410 18844 18892 D RestStrategy: 1 PushDecryptMessageJob(s) were enqueued.
11-03 14:05:18.413 18844 18892 I Job     : [JOB::d916b0a3-5b20-4d3c-9857-f47d99429c36][MarkerJob] onSubmit() (Time Since Submission: 3 ms, Lifespan: Immortal, Run Attempt: 1/1)
11-03 14:05:18.446  1479  1498 I system_server: Background concurrent copying GC freed 311102(15MB) AllocSpace objects, 142(12MB) LOS objects, 40% free, 34MB/58MB, paused 204us total 151.099ms
11-03 14:05:18.486 18844 18877 D EmojiFiles: Verifying all name files exist.
11-03 14:05:18.488 18844 18893 I Job     : [JOB::82a43bc2-e951-4363-8f45-eefbe8a068b2][PushProcessMessageJob] onSubmit() (Time Since Submission: 63 ms, Lifespan: Immortal, Run Attempt: 1/Unlimited)
11-03 14:05:18.489 18844 18877 D EmojiFiles: All names exist? true
11-03 14:05:18.495 18844 18895 I JobRunner: [JOB::82a43bc2-e951-4363-8f45-eefbe8a068b2][PushProcessMessageJob][3] Running job. (Time Since Submission: 11 ms, Lifespan: Immortal, Run Attempt: 1/Unlimited)
11-03 14:05:18.503 18844 18893 I JobRunner: [JOB::343ca030-d9b5-4a69-aba0-f37355e47fdb][PushDecryptMessageJob][1] Job finished with result SUCCESS in 204 ms. (Time Since Submission: 235 ms, Lifespan: Immortal, Run Attempt: 1/Unlimited)
11-03 14:05:18.509 18844 18893 I JobRunner: [JOB::d916b0a3-5b20-4d3c-9857-f47d99429c36][MarkerJob][1] Running job. (Time Since Submission: 97 ms, Lifespan: Immortal, Run Attempt: 1/1)
11-03 14:05:18.510 18844 18893 I MarkerJob: Marker reached in __PUSH_DECRYPT_JOB__ queue
11-03 14:05:18.511 18844 18893 I JobRunner: [JOB::d916b0a3-5b20-4d3c-9857-f47d99429c36][MarkerJob][1] Job finished with result SUCCESS in 3 ms. (Time Since Submission: 100 ms, Lifespan: Immortal, Run Attempt: 1/1)
11-03 14:05:18.513 18844 18892 D RestStrategy: Waited 103 ms for the __PUSH_DECRYPT_JOB__ job(s) to finish.
11-03 14:05:18.514 18844 18892 D RestStrategy: Discovered 1 queue(s): [__PUSH_PROCESS_JOB__RecipientId::97]
11-03 14:05:18.521 18844 18892 I Job     : [JOB::956417ce-7a4e-4de5-95e0-8bb0df3d71f6][MarkerJob] onSubmit() (Time Since Submission: 7 ms, Lifespan: Immortal, Run Attempt: 1/1)
11-03 14:05:18.545 18844 18896 D EmojiSearchIndexDownloa: Found an exact match: fr
11-03 14:05:18.545 18844 18896 I EmojiSearchIndexDownloa: Already using the latest version of 2 with the correct language fr
11-03 14:05:18.548 18844 18896 I JobRunner: [JOB::f1f8ffc6-ce2f-4ef0-aae1-fe4b583437df][EmojiSearchIndexDownloadJob][4] Job finished with result SUCCESS in 324 ms. (Time Since Submission: 562 ms, Lifespan: 86400000 ms, Run Attempt: 1/Unlimited)
11-03 14:05:18.720 18844 18895 I MessageContentProcessor: [1635944714765] Beginning message processing. Sender: RecipientId::97 (c9aa3245-5aec-42ab-86e5-30f681608408.1)
11-03 14:05:18.735 18844 18895 D MessageContentProcessor: Typing started on thread 1
11-03 14:05:18.736 18844 18895 D TypingStatusRepository: notifyThread() threadId: 1  typists: 1  isReplaced: false
11-03 14:05:18.739 18844 18895 I JobRunner: [JOB::82a43bc2-e951-4363-8f45-eefbe8a068b2][PushProcessMessageJob][3] Job finished with result SUCCESS in 244 ms. (Time Since Submission: 255 ms, Lifespan: Immortal, Run Attempt: 1/Unlimited)
11-03 14:05:18.745 18844 18894 I JobRunner: [JOB::956417ce-7a4e-4de5-95e0-8bb0df3d71f6][MarkerJob][2] Running job. (Time Since Submission: 226 ms, Lifespan: Immortal, Run Attempt: 1/1)
11-03 14:05:18.749 18844 18894 I MarkerJob: Marker reached in __PUSH_PROCESS_JOB__RecipientId::97 queue
11-03 14:05:18.750 18844 18894 I JobRunner: [JOB::956417ce-7a4e-4de5-95e0-8bb0df3d71f6][MarkerJob][2] Job finished with result SUCCESS in 5 ms. (Time Since Submission: 231 ms, Lifespan: Immortal, Run Attempt: 1/1)
11-03 14:05:18.755 18844 18892 D RestStrategy: Waited 241 ms for the __PUSH_PROCESS_JOB__RecipientId::97 job(s) to finish.
11-03 14:05:18.755 18844 18892 I BackgroundMessageRetrie: Strategy succeeded: RestStrategy (1239 ms elapsed)
11-03 14:05:18.757 18844 18892 I FcmFetchService: Successfully retrieved messages.
11-03 14:05:18.758 18844 18892 D FcmFetchService: No more active. Stopping.
11-03 14:05:18.759 18844 18844 I FcmFetchService: onDestroy()
11-03 14:05:18.789 18844 18868 D LogDatabase: [trim] keepers-size: 8  binary-search: 1249  delete: 59  total: 1316
11-03 14:05:18.831 18844 18849 I crime.securesm: Compiler allocated 14MB to compile java.util.List com.annimon.stream.internal.Operators.toList(java.util.Iterator)
11-03 14:05:19.632  2166  2166 D TransmitPower: PSensor:setPSensorPower() : Power OFF
11-03 14:05:19.632  2166  2166 D TransmitPower: PSensorObserver:onPSensorStateChanged() : isNear = false
11-03 14:05:19.638  2166  2166 D TransmitPower: AccSensor(62771331):setPSensorPower() : Power OFF
11-03 14:05:19.642  2166  2166 D TransmitPower: TransmitPowerService:setPowerBackOffFactor() : key = 16, value = 0
11-03 14:05:19.642  2309  2309 D QcrilMsgTunnelIfaceManager: handleMessage what = 1
11-03 14:05:19.645  2309  2309 I QcrilOemhookMsgTunnel: [0]invokeOemRilRequestRaw: serial=1343 length=24
11-03 14:05:19.648  2309  2334 I QcrilOemhookMsgTunnel: [0]processOemHookResponse serial no: 1343 error: 0length=0
11-03 14:05:19.648  2309  2309 D QcrilMsgTunnelIfaceManager: handleMessage what = 2
11-03 14:05:20.549  1479  1551 I ActivityManager: Start proc 18917:com.sonymobile.tvout.wifidisplay/1000 for service com.sonymobile.tvout.wifidisplay/.HeartbeatJobService
11-03 14:05:20.564 18917 18917 E out.wifidispla: Not starting debugger since process cannot load the jdwp agent.
11-03 14:05:20.605  1479  1515 D ConnectivityService: getProxy: mDefaultProxy return
11-03 14:05:20.610 18917 18917 I out.wifidispla: The ClassLoaderContext is a special shared library.
11-03 14:05:20.625 18917 18917 I chatty  : uid=1000(system) com.sonymobile.tvout.wifidisplay identical 4 lines
11-03 14:05:20.628 18917 18917 I out.wifidispla: The ClassLoaderContext is a special shared library.
11-03 14:05:20.670 18917 18917 I Perf    : Connecting to perf service.
11-03 14:05:21.857 18844 18858 I crime.securesm: Waiting for a blocking GC ProfileSaver
11-03 14:05:21.864  2503 14911 W ChimeraUtils: Module com.google.android.gms.gcm has empty metadata display_name_string_id
11-03 14:05:21.898 18844 18939 I FcmReceiveService: onMessageReceived() ID: 0:1635944721732147%e3016397f9fd7ecd, Delay: 191, Priority: 1, Original Priority: 1
11-03 14:05:21.906 18844 18844 I FcmFetchService: Incrementing active count to 1
11-03 14:05:21.913 18844 18868 I BackgroundMessageRetrie: Performing normal message fetch.
11-03 14:05:21.913 18844 18868 I BackgroundMessageRetrie: Attempting strategy: RestStrategy (3 ms elapsed)
11-03 14:05:21.964 18844 18858 I crime.securesm: WaitForGcToComplete blocked ProfileSaver on HeapTrim for 107.438ms
11-03 14:05:21.973 18844 18854 I crime.securesm: WaitForGcToComplete blocked HeapTrim on ProfileSaver for 8.001ms
11-03 14:05:22.054 18844 18868 I RestStrategy: Retrieved an envelope. (141 ms elapsed)
11-03 14:05:22.061 18844 18868 I Job     : [JOB::0978d9e2-08fb-447a-83ef-2c83aca73dbe][PushDecryptMessageJob] onSubmit() (Time Since Submission: 6 ms, Lifespan: Immortal, Run Attempt: 1/Unlimited)
11-03 14:05:22.062 18844 18883 I JobSchedulerScheduler: JobScheduler enqueue of  (0)
11-03 14:05:22.068 18844 18895 I JobRunner: [JOB::0978d9e2-08fb-447a-83ef-2c83aca73dbe][PushDecryptMessageJob][3] Running job. (Time Since Submission: 12 ms, Lifespan: Immortal, Run Attempt: 1/Unlimited)
11-03 14:05:22.073 18844 18868 I RestStrategy: Successfully processed an envelope. (159 ms elapsed)
11-03 14:05:22.073 18844 18895 I libsignal-client: rust/protocol/src/sealed_sender.rs:441: deserialized UnidentifiedSenderMessageContent from c9aa3245-5aec-42ab-86e5-30f681608408.1 with type SenderKey
11-03 14:05:22.090 18844 18844 I JobSchedulerScheduler: Waking due to job: 0
11-03 14:05:22.126 18844 18895 I Job     : [JOB::ce3a4808-a333-4822-99fa-ea7aa1e0f5c7][PushProcessMessageJob] onSubmit() (Time Since Submission: 26 ms, Lifespan: Immortal, Run Attempt: 1/Unlimited)
11-03 14:05:22.128 18844 18895 I JobRunner: [JOB::0978d9e2-08fb-447a-83ef-2c83aca73dbe][PushDecryptMessageJob][3] Job finished with result SUCCESS in 61 ms. (Time Since Submission: 73 ms, Lifespan: Immortal, Run Attempt: 1/Unlimited)
11-03 14:05:22.131 18844 18897 I JobRunner: [JOB::ce3a4808-a333-4822-99fa-ea7aa1e0f5c7][PushProcessMessageJob][5] Running job. (Time Since Submission: 14 ms, Lifespan: Immortal, Run Attempt: 1/Unlimited)
11-03 14:05:22.153 18844 18897 I MessageContentProcessor: [1635944721326] Beginning message processing. Sender: RecipientId::97 (c9aa3245-5aec-42ab-86e5-30f681608408.1)
11-03 14:05:22.210 18844 18868 D RestStrategy: 1 PushDecryptMessageJob(s) were enqueued.
11-03 14:05:22.213 18844 18868 I Job     : [JOB::e1d2a4e0-8d1d-4f3e-8e81-d793a1a162a0][MarkerJob] onSubmit() (Time Since Submission: 2 ms, Lifespan: Immortal, Run Attempt: 1/1)
11-03 14:05:22.217 18844 18893 I JobRunner: [JOB::e1d2a4e0-8d1d-4f3e-8e81-d793a1a162a0][MarkerJob][1] Running job. (Time Since Submission: 6 ms, Lifespan: Immortal, Run Attempt: 1/1)
11-03 14:05:22.221 18844 18893 I MarkerJob: Marker reached in __PUSH_DECRYPT_JOB__ queue
11-03 14:05:22.222 18844 18893 I JobRunner: [JOB::e1d2a4e0-8d1d-4f3e-8e81-d793a1a162a0][MarkerJob][1] Job finished with result SUCCESS in 5 ms. (Time Since Submission: 11 ms, Lifespan: Immortal, Run Attempt: 1/1)
11-03 14:05:22.225 18844 18868 D RestStrategy: Waited 15 ms for the __PUSH_DECRYPT_JOB__ job(s) to finish.
11-03 14:05:22.225 18844 18868 D RestStrategy: Discovered 1 queue(s): [__PUSH_PROCESS_JOB__RecipientId::94]
11-03 14:05:22.232 18844 18868 I Job     : [JOB::d3217c19-c94c-4565-9fef-9ad0450b82d6][MarkerJob] onSubmit() (Time Since Submission: 7 ms, Lifespan: Immortal, Run Attempt: 1/1)
11-03 14:05:22.250 18844 18897 D MessageContentProcessor: Typing stopped on thread 1 due to an incoming message.
11-03 14:05:22.250 18844 18897 D TypingStatusRepository: notifyThread() threadId: 1  typists: 0  isReplaced: true
11-03 14:05:22.318 18844 18897 I Job     : [JOB::0d5bfcbd-0641-41d9-a1b7-212f4ca49823][SendDeliveryReceiptJob] onSubmit() (Time Since Submission: 4 ms, Lifespan: 86400000 ms, Run Attempt: 1/Unlimited)
11-03 14:05:22.319 18844 18877 I JobSchedulerScheduler: JobScheduler enqueue of NETWORK (-1733499378)
11-03 14:05:22.323 18844 18893 I JobRunner: [JOB::0d5bfcbd-0641-41d9-a1b7-212f4ca49823][SendDeliveryReceiptJob][1] Running job. (Time Since Submission: 8 ms, Lifespan: 86400000 ms, Run Attempt: 1/Unlimited)
11-03 14:05:22.332 18844 18844 I JobSchedulerScheduler: Waking due to job: -1733499378
11-03 14:05:22.336 18844 18897 I JobRunner: [JOB::ce3a4808-a333-4822-99fa-ea7aa1e0f5c7][PushProcessMessageJob][5] Job finished with result SUCCESS in 204 ms. (Time Since Submission: 218 ms, Lifespan: Immortal, Run Attempt: 1/Unlimited)
11-03 14:05:22.349 18844 18897 I JobRunner: [JOB::d3217c19-c94c-4565-9fef-9ad0450b82d6][MarkerJob][5] Running job. (Time Since Submission: 119 ms, Lifespan: Immortal, Run Attempt: 1/1)
11-03 14:05:22.351 18844 18897 I MarkerJob: Marker reached in __PUSH_PROCESS_JOB__RecipientId::94 queue
11-03 14:05:22.352 18844 18897 I JobRunner: [JOB::d3217c19-c94c-4565-9fef-9ad0450b82d6][MarkerJob][5] Job finished with result SUCCESS in 2 ms. (Time Since Submission: 121 ms, Lifespan: Immortal, Run Attempt: 1/1)
11-03 14:05:22.358 18844 18868 D RestStrategy: Waited 133 ms for the __PUSH_PROCESS_JOB__RecipientId::94 job(s) to finish.
11-03 14:05:22.358 18844 18868 I BackgroundMessageRetrie: Strategy succeeded: RestStrategy (448 ms elapsed)
11-03 14:05:22.359 18844 18868 I FcmFetchService: Successfully retrieved messages.
11-03 14:05:22.360 18844 18868 D FcmFetchService: No more active. Stopping.
11-03 14:05:22.361 18844 18844 I FcmFetchService: onDestroy()
11-03 14:05:22.419 18844 18893 I UnidentifiedAccessUtil: Unidentified: 1, Other: 0. Types: {UUID_AND_E164=1}
11-03 14:05:22.473 18844 18893 I SignalServiceMessageSender: [sendMessage][1635944722315] Unidentified pipe unavailable, falling back... (WebSocketUnavailableException: WebSocket not currently available.)
11-03 14:05:22.608 18844 18940 D OpenGLRenderer: Skia GL Pipeline
11-03 14:05:22.616  1479  7336 E NotificationService: Suppressing notification from package by user request.
11-03 14:05:22.645  2166  2166 D TransmitPower: PSensor:setPSensorPower() : Power ON
11-03 14:05:22.648 18844 18940 I MessageNotifierV2: threads: 1 messages: 1
11-03 14:05:22.651  2166  2166 D TransmitPower: AccSensor(62771331):setPSensorPower() : Power ON
11-03 14:05:22.651  2166  2166 D TransmitPower: PSensorObserver:onPSensorStateChanged() : isNear = false
11-03 14:05:22.654  2166  2166 D TransmitPower: PSensorObserver:onPSensorStateChanged() : isNear = false
11-03 14:05:22.674   922  1073 D SDM     : DisplayBase::BuildLayerStackStats: LayerStack layer_count: 5, app_layer_count: 4, gpu_target_index: 4, display type: 0
11-03 14:05:22.707   922  1073 D SDM     : DisplayBase::BuildLayerStackStats: LayerStack layer_count: 5, app_layer_count: 4, gpu_target_index: 4, display type: 0
11-03 14:05:22.918 18844 18893 I JobRunner: [JOB::0d5bfcbd-0641-41d9-a1b7-212f4ca49823][SendDeliveryReceiptJob][1] Job finished with result SUCCESS in 595 ms. (Time Since Submission: 603 ms, Lifespan: 86400000 ms, Run Attempt: 1/Unlimited)
11-03 14:05:22.955  2166  2166 D TransmitPower: AccSensorObserver:onMotionStateChanged() : isStable = false
11-03 14:05:22.957  2166  2166 D TransmitPower: TransmitPowerService:setPowerBackOffFactor() : key = 16, value = 16
11-03 14:05:22.957  2309  2309 D QcrilMsgTunnelIfaceManager: handleMessage what = 1
11-03 14:05:22.958  2309  2309 I QcrilOemhookMsgTunnel: [0]invokeOemRilRequestRaw: serial=1344 length=24
11-03 14:05:22.960  2309  2334 I QcrilOemhookMsgTunnel: [0]processOemHookResponse serial no: 1344 error: 0length=0
11-03 14:05:22.960  2309  2309 D QcrilMsgTunnelIfaceManager: handleMessage what = 2
11-03 14:05:22.981  2503 14911 W ChimeraUtils: Module com.google.android.gms.gcm has empty metadata display_name_string_id
11-03 14:05:23.017 18844 18951 I FcmReceiveService: onMessageReceived() ID: 0:1635944722851966%e3016397f9fd7ecd, Delay: 168, Priority: 1, Original Priority: 1
11-03 14:05:23.022 18844 18844 I FcmFetchService: Incrementing active count to 1
11-03 14:05:23.025 18844 18868 I BackgroundMessageRetrie: Performing normal message fetch.
11-03 14:05:23.026 18844 18868 I BackgroundMessageRetrie: Attempting strategy: RestStrategy (3 ms elapsed)
11-03 14:05:23.173 18844 18868 I RestStrategy: Retrieved an envelope. (147 ms elapsed)
11-03 14:05:23.186 18844 18868 I Job     : [JOB::e55c54dd-6092-4163-a0bf-e417fc3911bf][PushDecryptMessageJob] onSubmit() (Time Since Submission: 11 ms, Lifespan: Immortal, Run Attempt: 1/Unlimited)
11-03 14:05:23.192 18844 18895 I JobRunner: [JOB::e55c54dd-6092-4163-a0bf-e417fc3911bf][PushDecryptMessageJob][3] Running job. (Time Since Submission: 17 ms, Lifespan: Immortal, Run Attempt: 1/Unlimited)
11-03 14:05:23.196 18844 18868 I RestStrategy: Successfully processed an envelope. (170 ms elapsed)
11-03 14:05:23.200 18844 18895 I libsignal-client: rust/protocol/src/sealed_sender.rs:441: deserialized UnidentifiedSenderMessageContent from c9aa3245-5aec-42ab-86e5-30f681608408.1 with type SenderKey
11-03 14:05:23.218 18844 18895 I Job     : [JOB::6ad390db-65af-4e98-8738-51ff6819abb7][PushProcessMessageJob] onSubmit() (Time Since Submission: 5 ms, Lifespan: Immortal, Run Attempt: 1/Unlimited)
11-03 14:05:23.220 18844 18895 I JobRunner: [JOB::e55c54dd-6092-4163-a0bf-e417fc3911bf][PushDecryptMessageJob][3] Job finished with result SUCCESS in 28 ms. (Time Since Submission: 45 ms, Lifespan: Immortal, Run Attempt: 1/Unlimited)
11-03 14:05:23.224 18844 18896 I JobRunner: [JOB::6ad390db-65af-4e98-8738-51ff6819abb7][PushProcessMessageJob][4] Running job. (Time Since Submission: 9 ms, Lifespan: Immortal, Run Attempt: 1/Unlimited)
11-03 14:05:23.243 18844 18896 I MessageContentProcessor: [1635944722553] Beginning message processing. Sender: RecipientId::97 (c9aa3245-5aec-42ab-86e5-30f681608408.1)
11-03 14:05:23.250 18844 18896 D MessageContentProcessor: Typing started on thread 1
11-03 14:05:23.250 18844 18896 D TypingStatusRepository: notifyThread() threadId: 1  typists: 1  isReplaced: false
11-03 14:05:23.252 18844 18896 I JobRunner: [JOB::6ad390db-65af-4e98-8738-51ff6819abb7][PushProcessMessageJob][4] Job finished with result SUCCESS in 29 ms. (Time Since Submission: 38 ms, Lifespan: Immortal, Run Attempt: 1/Unlimited)
11-03 14:05:23.330 18844 18868 D RestStrategy: 1 PushDecryptMessageJob(s) were enqueued.
11-03 14:05:23.334 18844 18868 I Job     : [JOB::45c4bb9f-b9dc-4638-9832-0d8faf686e3e][MarkerJob] onSubmit() (Time Since Submission: 3 ms, Lifespan: Immortal, Run Attempt: 1/1)
11-03 14:05:23.339 18844 18896 I JobRunner: [JOB::45c4bb9f-b9dc-4638-9832-0d8faf686e3e][MarkerJob][4] Running job. (Time Since Submission: 7 ms, Lifespan: Immortal, Run Attempt: 1/1)
11-03 14:05:23.341 18844 18896 I MarkerJob: Marker reached in __PUSH_DECRYPT_JOB__ queue
11-03 14:05:23.343 18844 18896 I JobRunner: [JOB::45c4bb9f-b9dc-4638-9832-0d8faf686e3e][MarkerJob][4] Job finished with result SUCCESS in 5 ms. (Time Since Submission: 12 ms, Lifespan: Immortal, Run Attempt: 1/1)
11-03 14:05:23.347 18844 18868 D RestStrategy: Waited 17 ms for the __PUSH_DECRYPT_JOB__ job(s) to finish.
11-03 14:05:23.348 18844 18868 D RestStrategy: Discovered 1 queue(s): [__PUSH_PROCESS_JOB__RecipientId::97]
11-03 14:05:23.356 18844 18868 I Job     : [JOB::38ed1e88-6c59-4a28-81ed-4a6532f23835][MarkerJob] onSubmit() (Time Since Submission: 7 ms, Lifespan: Immortal, Run Attempt: 1/1)
11-03 14:05:23.362 18844 18897 I JobRunner: [JOB::38ed1e88-6c59-4a28-81ed-4a6532f23835][MarkerJob][5] Running job. (Time Since Submission: 10 ms, Lifespan: Immortal, Run Attempt: 1/1)
11-03 14:05:23.364 18844 18897 I MarkerJob: Marker reached in __PUSH_PROCESS_JOB__RecipientId::97 queue
11-03 14:05:23.367 18844 18897 I JobRunner: [JOB::38ed1e88-6c59-4a28-81ed-4a6532f23835][MarkerJob][5] Job finished with result SUCCESS in 4 ms. (Time Since Submission: 14 ms, Lifespan: Immortal, Run Attempt: 1/1)
11-03 14:05:23.369 18844 18868 D RestStrategy: Waited 21 ms for the __PUSH_PROCESS_JOB__RecipientId::97 job(s) to finish.
11-03 14:05:23.370 18844 18868 I BackgroundMessageRetrie: Strategy succeeded: RestStrategy (347 ms elapsed)
11-03 14:05:23.371 18844 18868 I FcmFetchService: Successfully retrieved messages.
11-03 14:05:23.371 18844 18868 D FcmFetchService: No more active. Stopping.
11-03 14:05:23.373 18844 18844 I FcmFetchService: onDestroy()
11-03 14:05:24.484  1479  1515 I ActivityManager: Killing 15463:com.google.process.gapps/u0a43 (adj 904): empty #25
11-03 14:05:24.485  1479  1515 I ActivityManager: Killing 15490:com.android.vending/u0a57 (adj 906): empty #26
11-03 14:05:24.486  1479  1552 W libprocessgroup: kill(-15463, 9) failed: No such process
11-03 14:05:24.505   787   787 I Zygote  : Process 15463 exited due to signal (9)
11-03 14:05:24.512  1479  1552 W libprocessgroup: kill(-15463, 9) failed: No such process
11-03 14:05:24.513  1479  1552 I libprocessgroup: Successfully killed process cgroup uid 10043 pid 15463 in 27ms
11-03 14:05:24.513  1479  1552 W libprocessgroup: kill(-15490, 9) failed: No such process
11-03 14:05:24.532  1479  3399 D ConnectivityService: ConnectivityService NetworkRequestInfo binderDied(NetworkRequest [ LISTEN id=105, [ Capabilities: INTERNET&NOT_RESTRICTED&TRUSTED Unwanted:  Uid: 10057] ], android.os.BinderProxy@7dc2b75)
11-03 14:05:24.533  1479  1949 D ConnectivityService: ConnectivityService NetworkRequestInfo binderDied(NetworkRequest [ TRACK_DEFAULT id=104, [ Capabilities: INTERNET&NOT_RESTRICTED&TRUSTED Unwanted:  Uid: 10057] ], android.os.BinderProxy@f7a570a)
11-03 14:05:24.533  1479  1938 D ConnectivityService: releasing NetworkRequest [ TRACK_DEFAULT id=104, [ Capabilities: INTERNET&NOT_RESTRICTED&TRUSTED Unwanted:  Uid: 10057] ] (release request)
11-03 14:05:24.535   787   787 I Zygote  : Process 15490 exited due to signal (9)
11-03 14:05:24.536  2309  2309 D QcrilMsgTunnelIfaceManager: handleMessage what = 1
11-03 14:05:24.537  2309  2309 I QcrilOemhookMsgTunnel: [0]invokeOemRilRequestRaw: serial=1345 length=24
11-03 14:05:24.538  2309  2334 I QcrilOemhookMsgTunnel: [0]processOemHookResponse serial no: 1345 error: 0length=0
11-03 14:05:24.538  2309  2309 D QcrilMsgTunnelIfaceManager: handleMessage what = 2
11-03 14:05:24.540  2309  2334 I QcrilOemhookMsgTunnel: [0]processOemHookIndication length=28
11-03 14:05:24.540  2309  2309 D QcrilMsgTunnelIfaceManager: handleMessage what = 0
11-03 14:05:24.555  1479  1552 W libprocessgroup: kill(-15490, 9) failed: No such process
11-03 14:05:24.555  1479  1552 I libprocessgroup: Successfully killed process cgroup uid 10057 pid 15490 in 42ms
11-03 14:05:26.666  2166  2166 D TransmitPower: PSensor:setPSensorPower() : Power OFF
11-03 14:05:26.666  2166  2166 D TransmitPower: PSensorObserver:onPSensorStateChanged() : isNear = false
11-03 14:05:26.672  2166  2166 D TransmitPower: AccSensor(62771331):setPSensorPower() : Power OFF
11-03 14:05:26.676  2166  2166 D TransmitPower: TransmitPowerService:setPowerBackOffFactor() : key = 16, value = 0
11-03 14:05:26.677  2309  2309 D QcrilMsgTunnelIfaceManager: handleMessage what = 1
11-03 14:05:26.678  2309  2309 I QcrilOemhookMsgTunnel: [0]invokeOemRilRequestRaw: serial=1346 length=24
11-03 14:05:26.679   922  1073 D SDM     : DisplayBase::BuildLayerStackStats: LayerStack layer_count: 5, app_layer_count: 4, gpu_target_index: 4, display type: 0
11-03 14:05:26.681  2309  2334 I QcrilOemhookMsgTunnel: [0]processOemHookResponse serial no: 1346 error: 0length=0
11-03 14:05:26.682  2309  2309 D QcrilMsgTunnelIfaceManager: handleMessage what = 2
11-03 14:05:30.027  2503 14911 W ChimeraUtils: Module com.google.android.gms.gcm has empty metadata display_name_string_id
11-03 14:05:30.056 18844 18958 I FcmReceiveService: onMessageReceived() ID: 0:1635944729923363%e3016397f9fd7ecd, Delay: 142, Priority: 1, Original Priority: 1
11-03 14:05:30.064 18844 18844 I FcmFetchService: Incrementing active count to 1
11-03 14:05:30.069 18844 18868 I BackgroundMessageRetrie: Performing normal message fetch.
11-03 14:05:30.070 18844 18868 I BackgroundMessageRetrie: Attempting strategy: RestStrategy (2 ms elapsed)
11-03 14:05:30.220 18844 18868 I RestStrategy: Retrieved an envelope. (150 ms elapsed)
11-03 14:05:30.229 18844 18868 I Job     : [JOB::3967d682-b549-4d3d-b9bc-644f30e492fc][PushDecryptMessageJob] onSubmit() (Time Since Submission: 7 ms, Lifespan: Immortal, Run Attempt: 1/Unlimited)
11-03 14:05:30.230 18844 18868 I RestStrategy: Successfully processed an envelope. (160 ms elapsed)
11-03 14:05:30.235 18844 18881 I JobSchedulerScheduler: JobScheduler enqueue of  (0)
11-03 14:05:30.235 18844 18893 I JobRunner: [JOB::3967d682-b549-4d3d-b9bc-644f30e492fc][PushDecryptMessageJob][1] Running job. (Time Since Submission: 12 ms, Lifespan: Immortal, Run Attempt: 1/Unlimited)
11-03 14:05:30.244 18844 18893 I libsignal-client: rust/protocol/src/sealed_sender.rs:441: deserialized UnidentifiedSenderMessageContent from c9aa3245-5aec-42ab-86e5-30f681608408.1 with type SenderKey
11-03 14:05:30.256 18844 18844 I JobSchedulerScheduler: Waking due to job: 0
11-03 14:05:30.277 18844 18893 I Job     : [JOB::03476ccc-afc1-4df4-bcd6-acdf7dd8250f][PushProcessMessageJob] onSubmit() (Time Since Submission: 17 ms, Lifespan: Immortal, Run Attempt: 1/Unlimited)
11-03 14:05:30.278 18844 18893 I JobRunner: [JOB::3967d682-b549-4d3d-b9bc-644f30e492fc][PushDecryptMessageJob][1] Job finished with result SUCCESS in 44 ms. (Time Since Submission: 56 ms, Lifespan: Immortal, Run Attempt: 1/Unlimited)
11-03 14:05:30.282 18844 18894 I JobRunner: [JOB::03476ccc-afc1-4df4-bcd6-acdf7dd8250f][PushProcessMessageJob][2] Running job. (Time Since Submission: 9 ms, Lifespan: Immortal, Run Attempt: 1/Unlimited)
11-03 14:05:30.304 18844 18894 I MessageContentProcessor: [1635944729581] Beginning message processing. Sender: RecipientId::97 (c9aa3245-5aec-42ab-86e5-30f681608408.1)
11-03 14:05:30.328 18844 18894 D MessageContentProcessor: Typing stopped on thread 1 due to an incoming message.
11-03 14:05:30.328 18844 18894 D TypingStatusRepository: notifyThread() threadId: 1  typists: 0  isReplaced: true
11-03 14:05:30.369 18844 18868 D RestStrategy: 1 PushDecryptMessageJob(s) were enqueued.
11-03 14:05:30.369 18844 18894 I Job     : [JOB::03eca05d-bf81-4ed6-bbe1-7fed424138c2][SendDeliveryReceiptJob] onSubmit() (Time Since Submission: 3 ms, Lifespan: 86400000 ms, Run Attempt: 1/Unlimited)
11-03 14:05:30.371 18844 18894 I JobRunner: [JOB::03476ccc-afc1-4df4-bcd6-acdf7dd8250f][PushProcessMessageJob][2] Job finished with result SUCCESS in 90 ms. (Time Since Submission: 99 ms, Lifespan: Immortal, Run Attempt: 1/Unlimited)
11-03 14:05:30.371 18844 18877 I JobSchedulerScheduler: JobScheduler enqueue of NETWORK (-1733499378)
11-03 14:05:30.375 18844 18893 I JobRunner: [JOB::03eca05d-bf81-4ed6-bbe1-7fed424138c2][SendDeliveryReceiptJob][1] Running job. (Time Since Submission: 8 ms, Lifespan: 86400000 ms, Run Attempt: 1/Unlimited)
11-03 14:05:30.378 18844 18844 I JobSchedulerScheduler: Waking due to job: -1733499378
11-03 14:05:30.381 18844 18893 I UnidentifiedAccessUtil: Unidentified: 1, Other: 0. Types: {UUID_AND_E164=1}
11-03 14:05:30.381 18844 18868 I Job     : [JOB::098c290f-2743-48fb-a558-9d01409bd73c][MarkerJob] onSubmit() (Time Since Submission: 12 ms, Lifespan: Immortal, Run Attempt: 1/1)
11-03 14:05:30.385 18844 18896 I JobRunner: [JOB::098c290f-2743-48fb-a558-9d01409bd73c][MarkerJob][4] Running job. (Time Since Submission: 6 ms, Lifespan: Immortal, Run Attempt: 1/1)
11-03 14:05:30.391 18844 18896 I MarkerJob: Marker reached in __PUSH_DECRYPT_JOB__ queue
11-03 14:05:30.394 18844 18896 I JobRunner: [JOB::098c290f-2743-48fb-a558-9d01409bd73c][MarkerJob][4] Job finished with result SUCCESS in 9 ms. (Time Since Submission: 15 ms, Lifespan: Immortal, Run Attempt: 1/1)
11-03 14:05:30.397 18844 18868 D RestStrategy: Waited 28 ms for the __PUSH_DECRYPT_JOB__ job(s) to finish.
11-03 14:05:30.397 18844 18868 D RestStrategy: Discovered 1 queue(s): [__PUSH_PROCESS_JOB__RecipientId::94]
11-03 14:05:30.403 18844 18868 I Job     : [JOB::36aa2420-ff89-487a-a805-53034806ddab][MarkerJob] onSubmit() (Time Since Submission: 4 ms, Lifespan: Immortal, Run Attempt: 1/1)
11-03 14:05:30.407 18844 18897 I JobRunner: [JOB::36aa2420-ff89-487a-a805-53034806ddab][MarkerJob][5] Running job. (Time Since Submission: 7 ms, Lifespan: Immortal, Run Attempt: 1/1)
11-03 14:05:30.410 18844 18897 I MarkerJob: Marker reached in __PUSH_PROCESS_JOB__RecipientId::94 queue
11-03 14:05:30.415 18844 18897 I JobRunner: [JOB::36aa2420-ff89-487a-a805-53034806ddab][MarkerJob][5] Job finished with result SUCCESS in 9 ms. (Time Since Submission: 15 ms, Lifespan: Immortal, Run Attempt: 1/1)
11-03 14:05:30.417 18844 18893 I SignalServiceMessageSender: [sendMessage][1635944730366] Unidentified pipe unavailable, falling back... (WebSocketUnavailableException: WebSocket not currently available.)
11-03 14:05:30.422 18844 18868 D RestStrategy: Waited 24 ms for the __PUSH_PROCESS_JOB__RecipientId::94 job(s) to finish.
11-03 14:05:30.422 18844 18868 I BackgroundMessageRetrie: Strategy succeeded: RestStrategy (354 ms elapsed)
11-03 14:05:30.424 18844 18868 I FcmFetchService: Successfully retrieved messages.
11-03 14:05:30.425 18844 18868 D FcmFetchService: No more active. Stopping.
11-03 14:05:30.427 18844 18844 I FcmFetchService: onDestroy()
11-03 14:05:30.463 18844 18849 I crime.securesm: Compiler allocated 17MB to compile java.lang.Object com.annimon.stream.Stream.collect(com.annimon.stream.Collector)
11-03 14:05:30.489  1479  3121 E NotificationService: Suppressing notification from package by user request.
11-03 14:05:30.511 18844 18940 I MessageNotifierV2: threads: 1 messages: 2
11-03 14:05:30.534   922  1073 D SDM     : DisplayBase::BuildLayerStackStats: LayerStack layer_count: 5, app_layer_count: 4, gpu_target_index: 4, display type: 0
11-03 14:05:30.576 18844 18893 I JobRunner: [JOB::03eca05d-bf81-4ed6-bbe1-7fed424138c2][SendDeliveryReceiptJob][1] Job finished with result SUCCESS in 201 ms. (Time Since Submission: 209 ms, Lifespan: 86400000 ms, Run Attempt: 1/Unlimited)
11-03 14:05:30.691  2166  2166 D TransmitPower: PSensor:setPSensorPower() : Power ON
11-03 14:05:30.697  2166  2166 D TransmitPower: AccSensor(62771331):setPSensorPower() : Power ON
11-03 14:05:30.697  2166  2166 D TransmitPower: PSensorObserver:onPSensorStateChanged() : isNear = false
11-03 14:05:30.701  2166  2166 D TransmitPower: PSensorObserver:onPSensorStateChanged() : isNear = false
11-03 14:05:30.716   922  1073 D SDM     : DisplayBase::BuildLayerStackStats: LayerStack layer_count: 5, app_layer_count: 4, gpu_target_index: 4, display type: 0
11-03 14:05:30.816 18844 18849 I crime.securesm: Compiler allocated 36MB to compile boolean com.annimon.stream.operator.ObjFilter.hasNext()
11-03 14:05:30.994  2166  2166 D TransmitPower: AccSensorObserver:onMotionStateChanged() : isStable = false
11-03 14:05:31.000  2166  2166 D TransmitPower: TransmitPowerService:setPowerBackOffFactor() : key = 16, value = 16
11-03 14:05:31.001  2309  2309 D QcrilMsgTunnelIfaceManager: handleMessage what = 1
11-03 14:05:31.004  2309  2309 I QcrilOemhookMsgTunnel: [0]invokeOemRilRequestRaw: serial=1347 length=24
11-03 14:05:31.010  2309  2334 I QcrilOemhookMsgTunnel: [0]processOemHookResponse serial no: 1347 error: 0length=0
11-03 14:05:31.010  2309  2309 D QcrilMsgTunnelIfaceManager: handleMessage what = 2
11-03 14:05:31.702  2166  2166 D TransmitPower: PSensor:setPSensorPower() : Power OFF
11-03 14:05:31.702  2166  2166 D TransmitPower: PSensorObserver:onPSensorStateChanged() : isNear = false
11-03 14:05:31.707  2166  2166 D TransmitPower: AccSensor(62771331):setPSensorPower() : Power OFF
11-03 14:05:31.712  2166  2166 D TransmitPower: TransmitPowerService:setPowerBackOffFactor() : key = 16, value = 0
11-03 14:05:31.712  2309  2309 D QcrilMsgTunnelIfaceManager: handleMessage what = 1
11-03 14:05:31.714  2309  2309 I QcrilOemhookMsgTunnel: [0]invokeOemRilRequestRaw: serial=1348 length=24
11-03 14:05:31.716  2309  2334 I QcrilOemhookMsgTunnel: [0]processOemHookResponse serial no: 1348 error: 0length=0
11-03 14:05:31.717  2309  2309 D QcrilMsgTunnelIfaceManager: handleMessage what = 2
11-03 14:05:38.754  2166  2166 D TransmitPower: PSensor:setPSensorPower() : Power ON
11-03 14:05:38.764  2166  2166 D TransmitPower: AccSensor(62771331):setPSensorPower() : Power ON
11-03 14:05:38.764  2166  2166 D TransmitPower: PSensorObserver:onPSensorStateChanged() : isNear = false
11-03 14:05:38.764  2166  2166 D TransmitPower: PSensorObserver:onPSensorStateChanged() : isNear = false
11-03 14:05:39.033  2166  2166 D TransmitPower: AccSensorObserver:onMotionStateChanged() : isStable = false
11-03 14:05:39.037  2166  2166 D TransmitPower: TransmitPowerService:setPowerBackOffFactor() : key = 16, value = 16
11-03 14:05:39.038  2309  2309 D QcrilMsgTunnelIfaceManager: handleMessage what = 1
11-03 14:05:39.039  2309  2309 I QcrilOemhookMsgTunnel: [0]invokeOemRilRequestRaw: serial=1349 length=24
11-03 14:05:39.042  2309  2334 I QcrilOemhookMsgTunnel: [0]processOemHookResponse serial no: 1349 error: 0length=0
11-03 14:05:39.042  2309  2309 D QcrilMsgTunnelIfaceManager: handleMessage what = 2
11-03 14:05:41.167   913  1574 D audio_hw_primary: adev_set_parameters: enter: wireless_charging=off
11-03 14:05:41.167   913  1574 D audio_hw_extn: audio_extn_set_anc_parameters: anc_enabled:0
11-03 14:05:43.810  2166  2166 D TransmitPower: PSensor:setPSensorPower() : Power OFF
11-03 14:05:43.810  2166  2166 D TransmitPower: PSensorObserver:onPSensorStateChanged() : isNear = false
11-03 14:05:43.817  2166  2166 D TransmitPower: AccSensor(62771331):setPSensorPower() : Power OFF
11-03 14:05:43.821  2166  2166 D TransmitPower: TransmitPowerService:setPowerBackOffFactor() : key = 16, value = 0
11-03 14:05:43.821  2309  2309 D QcrilMsgTunnelIfaceManager: handleMessage what = 1
11-03 14:05:43.823  2309  2309 I QcrilOemhookMsgTunnel: [0]invokeOemRilRequestRaw: serial=1350 length=24
11-03 14:05:43.825  2309  2334 I QcrilOemhookMsgTunnel: [0]processOemHookResponse serial no: 1350 error: 0length=0
11-03 14:05:43.826  2309  2309 D QcrilMsgTunnelIfaceManager: handleMessage what = 2
11-03 14:05:44.083   751   751 I QNS     : QNS: soc=80, v=4143, i=393, t=340
11-03 14:05:44.083   751   751 I QNS     : QNS: requested charging params: current: 800, voltage: 4350
11-03 14:05:44.820  2166  2166 D TransmitPower: PSensor:setPSensorPower() : Power ON
11-03 14:05:44.829  2166  2166 D TransmitPower: AccSensor(62771331):setPSensorPower() : Power ON
11-03 14:05:44.830  2166  2166 D TransmitPower: PSensorObserver:onPSensorStateChanged() : isNear = false
11-03 14:05:44.830  2166  2166 D TransmitPower: PSensorObserver:onPSensorStateChanged() : isNear = false
11-03 14:05:45.081   925   925 W memtrack@1.0-se: type=1400 audit(0.0:2531): avc: denied { search } for name="proc" dev="debugfs" ino=19186 scontext=u:r:hal_memtrack_default:s0 tcontext=u:object_r:qti_debugfs:s0 tclass=dir permissive=0 ppid=1 pcomm="init" pgid=1 pgcomm="init"
11-03 14:05:45.091   925   925 W memtrack@1.0-se: type=1400 audit(0.0:2532): avc: denied { search } for name="proc" dev="debugfs" ino=19186 scontext=u:r:hal_memtrack_default:s0 tcontext=u:object_r:qti_debugfs:s0 tclass=dir permissive=0 ppid=1 pcomm="init" pgid=1 pgcomm="init"
11-03 14:05:45.132  2166  2166 D TransmitPower: AccSensorObserver:onMotionStateChanged() : isStable = false
11-03 14:05:45.135  2166  2166 D TransmitPower: TransmitPowerService:setPowerBackOffFactor() : key = 16, value = 16
11-03 14:05:45.135  2309  2309 D QcrilMsgTunnelIfaceManager: handleMessage what = 1
11-03 14:05:45.136  2309  2309 I QcrilOemhookMsgTunnel: [0]invokeOemRilRequestRaw: serial=1351 length=24
11-03 14:05:45.139  2309  2334 I QcrilOemhookMsgTunnel: [0]processOemHookResponse serial no: 1351 error: 0length=0
11-03 14:05:45.139  2309  2309 D QcrilMsgTunnelIfaceManager: handleMessage what = 2
11-03 14:05:45.833  2166  2166 D TransmitPower: PSensor:setPSensorPower() : Power OFF
11-03 14:05:45.834  2166  2166 D TransmitPower: PSensorObserver:onPSensorStateChanged() : isNear = false
11-03 14:05:45.840  2166  2166 D TransmitPower: AccSensor(62771331):setPSensorPower() : Power OFF
11-03 14:05:45.842  2166  2166 D TransmitPower: TransmitPowerService:setPowerBackOffFactor() : key = 16, value = 0
11-03 14:05:45.842  2309  2309 D QcrilMsgTunnelIfaceManager: handleMessage what = 1
11-03 14:05:45.844  2309  2309 I QcrilOemhookMsgTunnel: [0]invokeOemRilRequestRaw: serial=1352 length=24
11-03 14:05:45.846  2309  2334 I QcrilOemhookMsgTunnel: [0]processOemHookResponse serial no: 1352 error: 0length=0
11-03 14:05:45.846  2309  2309 D QcrilMsgTunnelIfaceManager: handleMessage what = 2
11-03 14:05:46.779  1177  1327 E storaged: getDiskStats failed with result NOT_SUPPORTED and size 0
11-03 14:05:47.414  1479  1551 I ActivityManager: Start proc 18963:com.android.vending/u0a57 for service com.android.vending/com.google.android.finsky.scheduler.process.mainimpl.PhoneskyJobServiceMain
11-03 14:05:47.426 18963 18963 E android.vendin: Not starting debugger since process cannot load the jdwp agent.
11-03 14:05:47.478  1479  1515 D ConnectivityService: getProxy: mDefaultProxy return
11-03 14:05:47.484 18963 18963 I android.vendin: The ClassLoaderContext is a special shared library.
11-03 14:05:47.538 18963 18963 W android.vendin: JIT profile information will not be recorded: profile file does not exits.
11-03 14:05:47.538 18963 18963 I chatty  : uid=10057(com.android.vending) identical 3 lines
